Component: ARM Compiler 5.06 update 4 (build 422) Tool: armlink [4d35d2]

==============================================================================

Section Cross References

    event.o(i.AppTaskCreate) refers to tasks.o(i.xTaskGenericCreate) for xTaskGenericCreate
    event.o(i.AppTaskCreate) refers to event.o(.data) for xHandleTaskLED1
    event.o(i.AppTaskCreate) refers to event.o(i.vTaskLed1) for vTaskLed1
    event.o(i.vTaskLed1) refers to tasks.o(i.xTaskGetTickCount) for xTaskGetTickCount
    event.o(i.vTaskLed1) refers to stm32f10x_gpio.o(i.GPIO_ReadOutputDataBit) for GPIO_ReadOutputDataBit
    event.o(i.vTaskLed1) refers to stm32f10x_gpio.o(i.GPIO_WriteBit) for GPIO_WriteBit
    event.o(i.vTaskLed1) refers to tasks.o(i.vTaskDelayUntil) for vTaskDelayUntil
    event.o(i.vTaskLed1) refers to printf1.o(i.__0printf$1) for __2printf
    event.o(i.vTaskLed1) refers to event.o(.data) for Count
    event.o(i.vTaskLed1) refers to bsp.o(.data) for gStateLed
    bsp.o(i.BspInit) refers to stm32f10x_gpio.o(i.GPIO_PinRemapConfig) for GPIO_PinRemapConfig
    bsp.o(i.BspInit) refers to gpio.o(i.GpioConfig) for GpioConfig
    bsp.o(i.BspInit) refers to usart.o(i.UartConfig) for UartConfig
    bsp.o(i.BspInit) refers to bsp.o(.data) for gStateLed
    bsp.o(i.ProgramSetup) refers to bsp.o(i.BspInit) for BspInit
    bsp.o(i.ProgramSetup) refers to event.o(i.AppTaskCreate) for AppTaskCreate
    bsp.o(.data) refers to mspstm32f103rct6.o(.data) for mUart1RxDma
    main.o(i.main) refers to system_stm32f10x.o(i.SystemInit) for SystemInit
    main.o(i.main) refers to bsp.o(i.ProgramSetup) for ProgramSetup
    main.o(i.main) refers to tasks.o(i.vTaskStartScheduler) for vTaskStartScheduler
    stm32f10x_it.o(i.TIM1_UP_IRQHandler) refers to stm32f10x_tim.o(i.TIM_GetITStatus) for TIM_GetITStatus
    stm32f10x_it.o(i.TIM1_UP_IRQHandler) refers to stm32f10x_tim.o(i.TIM_ClearITPendingBit) for TIM_ClearITPendingBit
    stm32f10x_it.o(i.TIM2_IRQHandler) refers to stm32f10x_tim.o(i.TIM_ClearITPendingBit) for TIM_ClearITPendingBit
    stm32f10x_it.o(i.TIM4_IRQHandler) refers to stm32f10x_tim.o(i.TIM_GetITStatus) for TIM_GetITStatus
    stm32f10x_it.o(i.TIM4_IRQHandler) refers to stm32f10x_tim.o(i.TIM_ClearITPendingBit) for TIM_ClearITPendingBit
    stm32f10x_it.o(i.TIM8_UP_IRQHandler) refers to stm32f10x_tim.o(i.TIM_GetITStatus) for TIM_GetITStatus
    stm32f10x_it.o(i.TIM8_UP_IRQHandler) refers to stm32f10x_tim.o(i.TIM_ClearITPendingBit) for TIM_ClearITPendingBit
    gpio.o(i.GpioConfig) refers to stm32f10x_rcc.o(i.RCC_APB2PeriphClockCmd) for RCC_APB2PeriphClockCmd
    gpio.o(i.GpioConfig) refers to stm32f10x_gpio.o(i.GPIO_Init) for GPIO_Init
    gpio.o(i.GpioConfigLowSpeed) refers to stm32f10x_rcc.o(i.RCC_APB2PeriphClockCmd) for RCC_APB2PeriphClockCmd
    gpio.o(i.GpioConfigLowSpeed) refers to stm32f10x_gpio.o(i.GPIO_Init) for GPIO_Init
    gpio.o(i.GpioListConfig) refers to gpio.o(i.GpioConfig) for GpioConfig
    usart.o(i.UartConfig) refers to stm32f10x_rcc.o(i.RCC_APB2PeriphClockCmd) for RCC_APB2PeriphClockCmd
    usart.o(i.UartConfig) refers to stm32f10x_rcc.o(i.RCC_APB1PeriphClockCmd) for RCC_APB1PeriphClockCmd
    usart.o(i.UartConfig) refers to stm32f10x_gpio.o(i.GPIO_PinRemapConfig) for GPIO_PinRemapConfig
    usart.o(i.UartConfig) refers to gpio.o(i.GpioConfig) for GpioConfig
    usart.o(i.UartConfig) refers to stm32f10x_usart.o(i.USART_DeInit) for USART_DeInit
    usart.o(i.UartConfig) refers to malloc.o(i.malloc) for malloc
    usart.o(i.UartConfig) refers to setjmp.o(.text) for longjmp
    usart.o(i.UartConfig) refers to malloc.o(i.free) for free
    usart.o(i.UartConfig) refers to dma.o(i.DmaConfig) for DmaConfig
    usart.o(i.UartConfig) refers to stm32f10x_usart.o(i.USART_DMACmd) for USART_DMACmd
    usart.o(i.UartConfig) refers to stm32f10x_usart.o(i.USART_Init) for USART_Init
    usart.o(i.UartConfig) refers to stm32f10x_usart.o(i.USART_Cmd) for USART_Cmd
    usart.o(i.UartConfig) refers to cexpection.o(.data) for cExpectMsg
    usart.o(i.UartConfig) refers to cexpection.o(.bss) for expectionBuf
    usart.o(i.UartForceReset) refers to dma.o(i.DmaStart) for DmaStart
    usart.o(i.UartRecv) refers to usart.o(i.UartCheckNewData) for UartCheckNewData
    usart.o(i.UartSend) refers to memcpya.o(.text) for __aeabi_memcpy
    usart.o(i.UartSend) refers to dma.o(i.DmaMemToPeriphStart) for DmaMemToPeriphStart
    usart.o(i.UartSend) refers to usart.o(i.UsartPutchar) for UsartPutchar
    usart.o(i.UsartBlockSend) refers to memcpya.o(.text) for __aeabi_memcpy
    usart.o(i.UsartBlockSend) refers to dma.o(i.DmaMemToPeriphStart) for DmaMemToPeriphStart
    usart.o(i.UsartBlockSend) refers to usart.o(i.UsartPutchar) for UsartPutchar
    usart.o(i.UsartPutchar) refers to stm32f10x_usart.o(i.USART_SendData) for USART_SendData
    usart.o(i.UsartPutchar) refers to stm32f10x_usart.o(i.USART_GetFlagStatus) for USART_GetFlagStatus
    usart.o(i.UsartSelfTest) refers to usart.o(i.UsartBlockSend) for UsartBlockSend
[...]


==============================================================================

Removing Unused input sections from the image.

    Removing event.o(.rev16_text), (4 bytes).
    Removing event.o(.revsh_text), (4 bytes).
    Removing event.o(.rrx_text), (6 bytes).
    Removing bsp.o(.rev16_text), (4 bytes).
    Removing bsp.o(.revsh_text), (4 bytes).
    Removing bsp.o(.rrx_text), (6 bytes).
    Removing main.o(.rev16_text), (4 bytes).
    Removing main.o(.revsh_text), (4 bytes).
    Removing main.o(.rrx_text), (6 bytes).
    Removing stm32f10x_it.o(.rev16_text), (4 bytes).
    Removing stm32f10x_it.o(.revsh_text), (4 bytes).
    Removing stm32f10x_it.o(.rrx_text), (6 bytes).
    Removing stm32f10x_it.o(i.BusFaultException), (4 bytes).
    Removing stm32f10x_it.o(i.DebugMonitor), (2 bytes).
    Removing stm32f10x_it.o(i.MemManageException), (4 bytes).
    Removing stm32f10x_it.o(i.NMIException), (2 bytes).
    Removing stm32f10x_it.o(i.PendSVC), (2 bytes).
    Removing stm32f10x_it.o(i.SVCHandler), (2 bytes).
    Removing stm32f10x_it.o(i.SysTick_Handler), (2 bytes).
    Removing stm32f10x_it.o(i.UsageFaultException), (4 bytes).
    Removing gpio.o(.rev16_text), (4 bytes).
    Removing gpio.o(.revsh_text), (4 bytes).
    Removing gpio.o(.rrx_text), (6 bytes).
    Removing gpio.o(i.GpioConfigLowSpeed), (40 bytes).
    Removing gpio.o(i.GpioListConfig), (26 bytes).
    Removing usart.o(.rev16_text), (4 bytes).
    Removing usart.o(.revsh_text), (4 bytes).
    Removing usart.o(.rrx_text), (6 bytes).
    Removing usart.o(i.UartCheckNewData), (32 bytes).
    Removing usart.o(i.UartForceReset), (40 bytes).
    Removing usart.o(i.UartGetOneByte), (60 bytes).
    Removing usart.o(i.UartIsDmaBuffAlwaysEmpty), (46 bytes).
    Removing usart.o(i.UartNewReadLoop), (20 bytes).
    Removing usart.o(i.UartRecv), (106 bytes).
    Removing usart.o(i.UartSend), (108 bytes).
    Removing usart.o(i.UsartBlockSend), (106 bytes).
    Removing usart.o(i.UsartPutchar), (36 bytes).
    Removing usart.o(i.UsartSelfTest), (140 bytes).
    Removing usart.o(i.UsartTransBufCreate), (156 bytes).
    Removing usart.o(i.UsartTransShareMemEnable), (8 bytes).
    Removing dma.o(.rev16_text), (4 bytes).
    Removing dma.o(.revsh_text), (4 bytes).
    Removing dma.o(.rrx_text), (6 bytes).
    Removing dma.o(i.DmaMemToPeriphStart), (78 bytes).
    Removing dma.o(i.DmaStart), (70 bytes).
    Removing mspstm32f103rct6.o(.rev16_text), (4 bytes).
    Removing mspstm32f103rct6.o(.revsh_text), (4 bytes).
    Removing mspstm32f103rct6.o(.rrx_text), (6 bytes).
    Removing croutine.o(i.prvCheckDelayedList), (212 bytes).
    Removing croutine.o(i.prvCheckPendingReadyList), (100 bytes).
    Removing croutine.o(i.prvInitialiseCoRoutineLists), (84 bytes).
    Removing croutine.o(i.vCoRoutineAddToDelayedList), (100 bytes).
    Removing croutine.o(i.vCoRoutineSchedule), (136 bytes).
    Removing croutine.o(i.xCoRoutineCreate), (140 bytes).
    Removing croutine.o(i.xCoRoutineRemoveFromEventList), (56 bytes).
    Removing croutine.o(.bss), (100 bytes).
    Removing croutine.o(.data), (28 bytes).
    Removing heap_2.o(i.vPortInitialiseBlocks), (2 bytes).
    Removing heap_2.o(i.xPortGetFreeHeapSize), (12 bytes).
    Removing port.o(i.vPortEndScheduler), (2 bytes).
    Removing queue.o(i.prvCopyDataFromQueue), (42 bytes).
    Removing queue.o(i.prvCopyDataToQueue), (102 bytes).
    Removing queue.o(i.prvIsQueueEmpty), (26 bytes).
    Removing queue.o(i.prvIsQueueFull), (30 bytes).
    Removing queue.o(i.prvUnlockQueue), (126 bytes).
    Removing queue.o(i.uxQueueMessagesWaiting), (18 bytes).
    Removing queue.o(i.uxQueueMessagesWaitingFromISR), (6 bytes).
    Removing queue.o(i.uxQueueSpacesAvailable), (24 bytes).
    Removing queue.o(i.vQueueDelete), (24 bytes).
    Removing queue.o(i.xQueueGenericCreate), (72 bytes).
    Removing queue.o(i.xQueueGenericReceive), (254 bytes).
    Removing queue.o(i.xQueueGenericReset), (110 bytes).
    Removing queue.o(i.xQueueGenericSend), (224 bytes).
    Removing queue.o(i.xQueueGenericSendFromISR), (106 bytes).
    Removing queue.o(i.xQueueIsQueueEmptyFromISR), (14 bytes).
    Removing queue.o(i.xQueueIsQueueFullFromISR), (18 bytes).
    Removing queue.o(i.xQueuePeekFromISR), (50 bytes).
    Removing queue.o(i.xQueueReceiveFromISR), (96 bytes).
    Removing tasks.o(i.prvTaskIsTaskSuspended), (64 bytes).
    Removing tasks.o(i.uxTaskGetNumberOfTasks), (12 bytes).
    Removing tasks.o(i.uxTaskPriorityGet), (36 bytes).
    Removing tasks.o(i.uxTaskResetEventItemValue), (28 bytes).
    Removing tasks.o(i.vTaskDelay), (56 bytes).
    Removing tasks.o(i.vTaskDelete), (124 bytes).
    Removing tasks.o(i.vTaskEndScheduler), (24 bytes).
    Removing tasks.o(i.vTaskMissedYield), (12 bytes).
    Removing tasks.o(i.vTaskPlaceOnEventList), (72 bytes).
    Removing tasks.o(i.vTaskPlaceOnUnorderedEventList), (88 bytes).
    Removing tasks.o(i.vTaskPrioritySet), (196 bytes).
    Removing tasks.o(i.vTaskResume), (104 bytes).
    Removing tasks.o(i.vTaskSetTimeOutState), (24 bytes).
    Removing tasks.o(i.vTaskSuspend), (132 bytes).
    Removing tasks.o(i.xTaskCheckForTimeOut), (92 bytes).
    Removing tasks.o(i.xTaskGetTickCountFromISR), (28 bytes).
    Removing tasks.o(i.xTaskRemoveFromEventList), (128 bytes).
    Removing tasks.o(i.xTaskRemoveFromUnorderedEventList), (108 bytes).
    Removing tasks.o(i.xTaskResumeFromISR), (132 bytes).
    Removing misc.o(.rev16_text), (4 bytes).
    Removing misc.o(.revsh_text), (4 bytes).
    Removing misc.o(.rrx_text), (6 bytes).
    Removing misc.o(i.NVIC_Init), (112 bytes).
    Removing misc.o(i.NVIC_PriorityGroupConfig), (20 bytes).
    Removing misc.o(i.NVIC_SetVectorTable), (20 bytes).
    Removing misc.o(i.NVIC_SystemLPConfig), (32 bytes).
    Removing misc.o(i.SysTick_CLKSourceConfig), (40 bytes).
    Removing stm32f10x_dma.o(.rev16_text), (4 bytes).
    Removing stm32f10x_dma.o(.revsh_text), (4 bytes).
    Removing stm32f10x_dma.o(.rrx_text), (6 bytes).
    Removing stm32f10x_dma.o(i.DMA_ClearFlag), (28 bytes).
    Removing stm32f10x_dma.o(i.DMA_ClearITPendingBit), (28 bytes).
    Removing stm32f10x_dma.o(i.DMA_GetCurrDataCounter), (8 bytes).
    Removing stm32f10x_dma.o(i.DMA_GetFlagStatus), (44 bytes).
    Removing stm32f10x_dma.o(i.DMA_GetITStatus), (44 bytes).
    Removing stm32f10x_dma.o(i.DMA_ITConfig), (18 bytes).
    Removing stm32f10x_dma.o(i.DMA_SetCurrDataCounter), (4 bytes).
    Removing stm32f10x_dma.o(i.DMA_StructInit), (26 bytes).
    Removing stm32f10x_gpio.o(.rev16_text), (4 bytes).
    Removing stm32f10x_gpio.o(.revsh_text), (4 bytes).
    Removing stm32f10x_gpio.o(.rrx_text), (6 bytes).
    Removing stm32f10x_gpio.o(i.GPIO_AFIODeInit), (20 bytes).
    Removing stm32f10x_gpio.o(i.GPIO_DeInit), (200 bytes).
    Removing stm32f10x_gpio.o(i.GPIO_ETH_MediaInterfaceConfig), (12 bytes).
    Removing stm32f10x_gpio.o(i.GPIO_EXTILineConfig), (64 bytes).
    Removing stm32f10x_gpio.o(i.GPIO_EventOutputCmd), (12 bytes).
    Removing stm32f10x_gpio.o(i.GPIO_EventOutputConfig), (32 bytes).
    Removing stm32f10x_gpio.o(i.GPIO_PinLockConfig), (18 bytes).
    Removing stm32f10x_gpio.o(i.GPIO_ReadInputData), (8 bytes).
    Removing stm32f10x_gpio.o(i.GPIO_ReadInputDataBit), (18 bytes).
    Removing stm32f10x_gpio.o(i.GPIO_ReadOutputData), (8 bytes).
    Removing stm32f10x_gpio.o(i.GPIO_ResetBits), (4 bytes).
    Removing stm32f10x_gpio.o(i.GPIO_SetBits), (4 bytes).
    Removing stm32f10x_gpio.o(i.GPIO_StructInit), (16 bytes).
    Removing stm32f10x_gpio.o(i.GPIO_Write), (4 bytes).
    Removing stm32f10x_rcc.o(.rev16_text), (4 bytes).
    Removing stm32f10x_rcc.o(.revsh_text), (4 bytes).
    Removing stm32f10x_rcc.o(.rrx_text), (6 bytes).
    Removing stm32f10x_rcc.o(i.RCC_ADCCLKConfig), (24 bytes).
    Removing stm32f10x_rcc.o(i.RCC_AdjustHSICalibrationValue), (24 bytes).
    Removing stm32f10x_rcc.o(i.RCC_BackupResetCmd), (12 bytes).
    Removing stm32f10x_rcc.o(i.RCC_ClearFlag), (20 bytes).
    Removing stm32f10x_rcc.o(i.RCC_ClearITPendingBit), (12 bytes).
    Removing stm32f10x_rcc.o(i.RCC_ClockSecuritySystemCmd), (12 bytes).
    Removing stm32f10x_rcc.o(i.RCC_DeInit), (76 bytes).
    Removing stm32f10x_rcc.o(i.RCC_GetFlagStatus), (60 bytes).
    Removing stm32f10x_rcc.o(i.RCC_GetITStatus), (24 bytes).
    Removing stm32f10x_rcc.o(i.RCC_GetSYSCLKSource), (16 bytes).
    Removing stm32f10x_rcc.o(i.RCC_HCLKConfig), (24 bytes).
    Removing stm32f10x_rcc.o(i.RCC_HSEConfig), (76 bytes).
    Removing stm32f10x_rcc.o(i.RCC_HSICmd), (12 bytes).
    Removing stm32f10x_rcc.o(i.RCC_ITConfig), (32 bytes).
    Removing stm32f10x_rcc.o(i.RCC_LSEConfig), (52 bytes).
    Removing stm32f10x_rcc.o(i.RCC_LSICmd), (12 bytes).
    Removing stm32f10x_rcc.o(i.RCC_MCOConfig), (12 bytes).
    Removing stm32f10x_rcc.o(i.RCC_PCLK1Config), (24 bytes).
    Removing stm32f10x_rcc.o(i.RCC_PCLK2Config), (24 bytes).
    Removing stm32f10x_rcc.o(i.RCC_PLLCmd), (12 bytes).
    Removing stm32f10x_rcc.o(i.RCC_PLLConfig), (28 bytes).
    Removing stm32f10x_rcc.o(i.RCC_RTCCLKCmd), (12 bytes).
    Removing stm32f10x_rcc.o(i.RCC_RTCCLKConfig), (16 bytes).
    Removing stm32f10x_rcc.o(i.RCC_SYSCLKConfig), (24 bytes).
    Removing stm32f10x_rcc.o(i.RCC_USBCLKConfig), (12 bytes).
    Removing stm32f10x_rcc.o(i.RCC_WaitForHSEStartUp), (56 bytes).
    Removing stm32f10x_tim.o(.rev16_text), (4 bytes).
    Removing stm32f10x_tim.o(.revsh_text), (4 bytes).
    Removing stm32f10x_tim.o(.rrx_text), (6 bytes).
    Removing stm32f10x_tim.o(i.TI1_Config), (128 bytes).
    Removing stm32f10x_tim.o(i.TI2_Config), (152 bytes).
    Removing stm32f10x_tim.o(i.TI3_Config), (144 bytes).
    Removing stm32f10x_tim.o(i.TI4_Config), (152 bytes).
    Removing stm32f10x_tim.o(i.TIM_ARRPreloadConfig), (24 bytes).
    Removing stm32f10x_tim.o(i.TIM_BDTRConfig), (32 bytes).
    Removing stm32f10x_tim.o(i.TIM_BDTRStructInit), (18 bytes).
    Removing stm32f10x_tim.o(i.TIM_CCPreloadControl), (24 bytes).
    Removing stm32f10x_tim.o(i.TIM_CCxCmd), (30 bytes).
    Removing stm32f10x_tim.o(i.TIM_CCxNCmd), (30 bytes).
    Removing stm32f10x_tim.o(i.TIM_ClearFlag), (6 bytes).
    Removing stm32f10x_tim.o(i.TIM_ClearOC1Ref), (18 bytes).
    Removing stm32f10x_tim.o(i.TIM_ClearOC2Ref), (24 bytes).
    Removing stm32f10x_tim.o(i.TIM_ClearOC3Ref), (18 bytes).
    Removing stm32f10x_tim.o(i.TIM_ClearOC4Ref), (24 bytes).
    Removing stm32f10x_tim.o(i.TIM_Cmd), (24 bytes).
    Removing stm32f10x_tim.o(i.TIM_CounterModeConfig), (18 bytes).
    Removing stm32f10x_tim.o(i.TIM_CtrlPWMOutputs), (30 bytes).
    Removing stm32f10x_tim.o(i.TIM_DMACmd), (18 bytes).
    Removing stm32f10x_tim.o(i.TIM_DMAConfig), (10 bytes).
    Removing stm32f10x_tim.o(i.TIM_DeInit), (488 bytes).
    Removing stm32f10x_tim.o(i.TIM_ETRClockMode1Config), (54 bytes).
    Removing stm32f10x_tim.o(i.TIM_ETRClockMode2Config), (32 bytes).
    Removing stm32f10x_tim.o(i.TIM_ETRConfig), (28 bytes).
    Removing stm32f10x_tim.o(i.TIM_EncoderInterfaceConfig), (66 bytes).
    Removing stm32f10x_tim.o(i.TIM_ForcedOC1Config), (18 bytes).
    Removing stm32f10x_tim.o(i.TIM_ForcedOC2Config), (26 bytes).
    Removing stm32f10x_tim.o(i.TIM_ForcedOC3Config), (18 bytes).
    Removing stm32f10x_tim.o(i.TIM_ForcedOC4Config), (26 bytes).
    Removing stm32f10x_tim.o(i.TIM_GenerateEvent), (4 bytes).
    Removing stm32f10x_tim.o(i.TIM_GetCapture1), (6 bytes).
    Removing stm32f10x_tim.o(i.TIM_GetCapture2), (6 bytes).
    Removing stm32f10x_tim.o(i.TIM_GetCapture3), (6 bytes).
    Removing stm32f10x_tim.o(i.TIM_GetCapture4), (8 bytes).
    Removing stm32f10x_tim.o(i.TIM_GetCounter), (6 bytes).
    Removing stm32f10x_tim.o(i.TIM_GetFlagStatus), (18 bytes).
    Removing stm32f10x_tim.o(i.TIM_GetPrescaler), (6 bytes).
    Removing stm32f10x_tim.o(i.TIM_ICInit), (172 bytes).
    Removing stm32f10x_tim.o(i.TIM_ICStructInit), (18 bytes).
    Removing stm32f10x_tim.o(i.TIM_ITConfig), (18 bytes).
    Removing stm32f10x_tim.o(i.TIM_ITRxExternalClockConfig), (24 bytes).
    Removing stm32f10x_tim.o(i.TIM_InternalClockConfig), (12 bytes).
    Removing stm32f10x_tim.o(i.TIM_OC1FastConfig), (18 bytes).
    Removing stm32f10x_tim.o(i.TIM_OC1Init), (152 bytes).
    Removing stm32f10x_tim.o(i.TIM_OC1NPolarityConfig), (18 bytes).
    Removing stm32f10x_tim.o(i.TIM_OC1PolarityConfig), (18 bytes).
    Removing stm32f10x_tim.o(i.TIM_OC1PreloadConfig), (18 bytes).
    Removing stm32f10x_tim.o(i.TIM_OC2FastConfig), (26 bytes).
    Removing stm32f10x_tim.o(i.TIM_OC2Init), (164 bytes).
    Removing stm32f10x_tim.o(i.TIM_OC2NPolarityConfig), (26 bytes).
    Removing stm32f10x_tim.o(i.TIM_OC2PolarityConfig), (26 bytes).
    Removing stm32f10x_tim.o(i.TIM_OC2PreloadConfig), (26 bytes).
    Removing stm32f10x_tim.o(i.TIM_OC3FastConfig), (18 bytes).
    Removing stm32f10x_tim.o(i.TIM_OC3Init), (160 bytes).
    Removing stm32f10x_tim.o(i.TIM_OC3NPolarityConfig), (26 bytes).
    Removing stm32f10x_tim.o(i.TIM_OC3PolarityConfig), (26 bytes).
    Removing stm32f10x_tim.o(i.TIM_OC3PreloadConfig), (18 bytes).
    Removing stm32f10x_tim.o(i.TIM_OC4FastConfig), (26 bytes).
    Removing stm32f10x_tim.o(i.TIM_OC4Init), (124 bytes).
    Removing stm32f10x_tim.o(i.TIM_OC4PolarityConfig), (26 bytes).
    Removing stm32f10x_tim.o(i.TIM_OC4PreloadConfig), (26 bytes).
    Removing stm32f10x_tim.o(i.TIM_OCStructInit), (20 bytes).
    Removing stm32f10x_tim.o(i.TIM_PWMIConfig), (124 bytes).
    Removing stm32f10x_tim.o(i.TIM_PrescalerConfig), (6 bytes).
    Removing stm32f10x_tim.o(i.TIM_SelectCCDMA), (24 bytes).
    Removing stm32f10x_tim.o(i.TIM_SelectCOM), (24 bytes).
    Removing stm32f10x_tim.o(i.TIM_SelectHallSensor), (24 bytes).
    Removing stm32f10x_tim.o(i.TIM_SelectInputTrigger), (18 bytes).
    Removing stm32f10x_tim.o(i.TIM_SelectMasterSlaveMode), (18 bytes).
    Removing stm32f10x_tim.o(i.TIM_SelectOCxM), (82 bytes).
    Removing stm32f10x_tim.o(i.TIM_SelectOnePulseMode), (18 bytes).
    Removing stm32f10x_tim.o(i.TIM_SelectOutputTrigger), (18 bytes).
    Removing stm32f10x_tim.o(i.TIM_SelectSlaveMode), (18 bytes).
    Removing stm32f10x_tim.o(i.TIM_SetAutoreload), (4 bytes).
    Removing stm32f10x_tim.o(i.TIM_SetClockDivision), (18 bytes).
    Removing stm32f10x_tim.o(i.TIM_SetCompare1), (4 bytes).
    Removing stm32f10x_tim.o(i.TIM_SetCompare2), (4 bytes).
    Removing stm32f10x_tim.o(i.TIM_SetCompare3), (4 bytes).
    Removing stm32f10x_tim.o(i.TIM_SetCompare4), (6 bytes).
    Removing stm32f10x_tim.o(i.TIM_SetCounter), (4 bytes).
    Removing stm32f10x_tim.o(i.TIM_SetIC1Prescaler), (18 bytes).
    Removing stm32f10x_tim.o(i.TIM_SetIC2Prescaler), (26 bytes).
    Removing stm32f10x_tim.o(i.TIM_SetIC3Prescaler), (18 bytes).
    Removing stm32f10x_tim.o(i.TIM_SetIC4Prescaler), (26 bytes).
    Removing stm32f10x_tim.o(i.TIM_TIxExternalClockConfig), (62 bytes).
    Removing stm32f10x_tim.o(i.TIM_TimeBaseInit), (164 bytes).
    Removing stm32f10x_tim.o(i.TIM_TimeBaseStructInit), (18 bytes).
    Removing stm32f10x_tim.o(i.TIM_UpdateDisableConfig), (24 bytes).
    Removing stm32f10x_tim.o(i.TIM_UpdateRequestConfig), (24 bytes).
    Removing stm32f10x_usart.o(.rev16_text), (4 bytes).
    Removing stm32f10x_usart.o(.revsh_text), (4 bytes).
    Removing stm32f10x_usart.o(.rrx_text), (6 bytes).
    Removing stm32f10x_usart.o(i.USART_ClearFlag), (18 bytes).
    Removing stm32f10x_usart.o(i.USART_ClearITPendingBit), (30 bytes).
    Removing stm32f10x_usart.o(i.USART_ClockInit), (34 bytes).
    Removing stm32f10x_usart.o(i.USART_ClockStructInit), (12 bytes).
    Removing stm32f10x_usart.o(i.USART_GetITStatus), (84 bytes).
    Removing stm32f10x_usart.o(i.USART_HalfDuplexCmd), (24 bytes).
    Removing stm32f10x_usart.o(i.USART_ITConfig), (74 bytes).
    Removing stm32f10x_usart.o(i.USART_IrDACmd), (24 bytes).
    Removing stm32f10x_usart.o(i.USART_IrDAConfig), (18 bytes).
    Removing stm32f10x_usart.o(i.USART_LINBreakDetectLengthConfig), (18 bytes).
    Removing stm32f10x_usart.o(i.USART_LINCmd), (24 bytes).
    Removing stm32f10x_usart.o(i.USART_OneBitMethodCmd), (24 bytes).
    Removing stm32f10x_usart.o(i.USART_OverSampling8Cmd), (22 bytes).
    Removing stm32f10x_usart.o(i.USART_ReceiveData), (10 bytes).
    Removing stm32f10x_usart.o(i.USART_ReceiverWakeUpCmd), (24 bytes).
    Removing stm32f10x_usart.o(i.USART_SendBreak), (10 bytes).
    Removing stm32f10x_usart.o(i.USART_SetAddress), (18 bytes).
    Removing stm32f10x_usart.o(i.USART_SetGuardTime), (16 bytes).
    Removing stm32f10x_usart.o(i.USART_SetPrescaler), (16 bytes).
    Removing stm32f10x_usart.o(i.USART_SmartCardCmd), (24 bytes).
    Removing stm32f10x_usart.o(i.USART_SmartCardNACKCmd), (24 bytes).
    Removing stm32f10x_usart.o(i.USART_StructInit), (24 bytes).
    Removing stm32f10x_usart.o(i.USART_WakeUpConfig), (18 bytes).
    Removing gpio_stm32f10x.o(.rev16_text), (4 bytes).
    Removing gpio_stm32f10x.o(.revsh_text), (4 bytes).
    Removing gpio_stm32f10x.o(.rrx_text), (6 bytes).
    Removing gpio_stm32f10x.o(i.GPIO_AFConfigure), (88 bytes).
    Removing gpio_stm32f10x.o(i.GPIO_GetPortClockState), (152 bytes).
    Removing gpio_stm32f10x.o(i.GPIO_PinConfigure), (120 bytes).
    Removing gpio_stm32f10x.o(i.GPIO_PortClock), (316 bytes).
    Removing system_stm32f10x.o(.rev16_text), (4 bytes).
    Removing system_stm32f10x.o(.revsh_text), (4 bytes).
    Removing system_stm32f10x.o(.rrx_text), (6 bytes).
    Removing system_stm32f10x.o(i.SystemCoreClockUpdate), (164 bytes).
    Removing system_stm32f10x.o(.data), (20 bytes).
    Removing dadd.o(.text), (334 bytes).
    Removing dmul.o(.text), (228 bytes).
    Removing ddiv.o(.text), (222 bytes).
    Removing dfixul.o(.text), (48 bytes).
    Removing cdrcmple.o(.text), (48 bytes).
    Removing depilogue.o(.text), (186 bytes).

298 unused section(s) (total 12904 bytes) removed from the image.

==============================================================================

Image Symbol Table

    Local Symbols

    Symbol Name                              Value     Ov Type        Size  Object(Section)

    ../clib/../cmprslib/zerorunl2.c          0x00000000   Number         0  __dczerorl2.o ABSOLUTE
    ../clib/microlib/division.c              0x00000000   Number         0  uldiv.o ABSOLUTE
    ../clib/microlib/division.c              0x00000000   Number         0  uidiv.o ABSOLUTE
    ../clib/microlib/init/entry.s            0x00000000   Number         0  entry2.o ABSOLUTE
    ../clib/microlib/init/entry.s            0x00000000   Number         0  entry5.o ABSOLUTE
    ../clib/microlib/init/entry.s            0x00000000   Number         0  entry8a.o ABSOLUTE
    ../clib/microlib/init/entry.s            0x00000000   Number         0  entry.o ABSOLUTE
    ../clib/microlib/init/entry.s            0x00000000   Number         0  entry9a.o ABSOLUTE
    ../clib/microlib/init/entry.s            0x00000000   Number         0  entry11b.o ABSOLUTE
    ../clib/microlib/init/entry.s            0x00000000   Number         0  entry7a.o ABSOLUTE
    ../clib/microlib/init/entry.s            0x00000000   Number         0  entry11a.o ABSOLUTE
    ../clib/microlib/init/entry.s            0x00000000   Number         0  entry8b.o ABSOLUTE
    ../clib/microlib/init/entry.s            0x00000000   Number         0  entry7b.o ABSOLUTE
    ../clib/microlib/init/entry.s            0x00000000   Number         0  entry10a.o ABSOLUTE
    ../clib/microlib/init/entry.s            0x00000000   Number         0  entry10b.o ABSOLUTE
    ../clib/microlib/init/entry.s            0x00000000   Number         0  entry9b.o ABSOLUTE
    ../clib/microlib/longlong.c              0x00000000   Number         0  llshl.o ABSOLUTE
    ../clib/microlib/longlong.c              0x00000000   Number         0  llushr.o ABSOLUTE
    ../clib/microlib/longlong.c              0x00000000   Number         0  llsshr.o ABSOLUTE
    ../clib/microlib/malloc/malloc.c         0x00000000   Number         0  mallocr.o ABSOLUTE
    ../clib/microlib/malloc/malloc.c         0x00000000   Number         0  malloca.o ABSOLUTE
    ../clib/microlib/malloc/malloc.c         0x00000000   Number         0  mallocra.o ABSOLUTE
    ../clib/microlib/malloc/malloc.c         0x00000000   Number         0  malloc.o ABSOLUTE
    ../clib/microlib/malloc/mvars.c          0x00000000   Number         0  mvars.o ABSOLUTE
    ../clib/microlib/printf/printf.c         0x00000000   Number         0  printf8.o ABSOLUTE
    ../clib/microlib/printf/printf.c         0x00000000   Number         0  printfa.o ABSOLUTE
    ../clib/microlib/printf/printf.c         0x00000000   Number         0  printf2.o ABSOLUTE
    ../clib/microlib/printf/printf.c         0x00000000   Number         0  printf7.o ABSOLUTE
    ../clib/microlib/printf/printf.c         0x00000000   Number         0  printf6.o ABSOLUTE
    ../clib/microlib/printf/printf.c         0x00000000   Number         0  printf5.o ABSOLUTE
    ../clib/microlib/printf/printf.c         0x00000000   Number         0  printf4.o ABSOLUTE
    ../clib/microlib/printf/printf.c         0x00000000   Number         0  printf3.o ABSOLUTE
    ../clib/microlib/printf/printf.c         0x00000000   Number         0  printf1.o ABSOLUTE
    ../clib/microlib/printf/printf.c         0x00000000   Number         0  printf0.o ABSOLUTE
    ../clib/microlib/printf/printf.c         0x00000000   Number         0  printfb.o ABSOLUTE
    ../clib/microlib/printf/stubs.s          0x00000000   Number         0  stubs.o ABSOLUTE
    ../clib/microlib/stdio/streams.c         0x00000000   Number         0  stdout.o ABSOLUTE
    ../clib/microlib/string/memcmp.c         0x00000000   Number         0  memcmp.o ABSOLUTE
    ../clib/microlib/string/memcpy.c         0x00000000   Number         0  memcpyb.o ABSOLUTE
    ../clib/microlib/string/memcpy.c         0x00000000   Number         0  memcpya.o ABSOLUTE
    ../clib/microlib/stubs.s                 0x00000000   Number         0  iusefp.o ABSOLUTE
    ../fplib/microlib/fpadd.c                0x00000000   Number         0  dadd.o ABSOLUTE
    ../fplib/microlib/fpdiv.c                0x00000000   Number         0  ddiv.o ABSOLUTE
    ../fplib/microlib/fpepilogue.c           0x00000000   Number         0  depilogue.o ABSOLUTE
    ../fplib/microlib/fpfix.c                0x00000000   Number         0  dfixul.o ABSOLUTE
    ../fplib/microlib/fpmul.c                0x00000000   Number         0  dmul.o ABSOLUTE
    ../fplib/setjmp.s                        0x00000000   Number         0  setjmp.o ABSOLUTE
    ..\..\..\..\Src\C\Common\EmbedDriver\F10xStdPeriph\Dma.c 0x00000000   Number         0  dma.o ABSOLUTE
    ..\..\..\..\Src\C\Common\EmbedDriver\F10xStdPeriph\Gpio.c 0x00000000   Number         0  gpio.o ABSOLUTE
    ..\..\..\..\Src\C\Common\EmbedDriver\F10xStdPeriph\Usart.c 0x00000000   Number         0  usart.o ABSOLUTE
    ..\..\..\..\Src\C\Common\EmbedDriver\MSP\MspSTM32F103RCT6.c 0x00000000   Number         0  mspstm32f103rct6.o ABSOLUTE
    ..\..\..\..\Src\C\Common\Lang\CExpection.c 0x00000000   Number         0  cexpection.o ABSOLUTE
    ..\..\..\..\Src\C\Common\System\main.c   0x00000000   Number         0  main.o ABSOLUTE
    ..\..\..\..\Src\C\Common\System\stm32f10x_it.c 0x00000000   Number         0  stm32f10x_it.o ABSOLUTE
    ..\..\..\..\Src\C\Stm32F103Demo\BSP.c    0x00000000   Number         0  bsp.o ABSOLUTE
    ..\..\..\..\Src\C\Stm32F103Demo\Event.c  0x00000000   Number         0  event.o ABSOLUTE
    ..\..\..\..\ThirdParty\FreeRTOSv8.0.1\src\croutine.c 0x00000000   Number         0  croutine.o ABSOLUTE
    ..\..\..\..\ThirdParty\FreeRTOSv8.0.1\src\heap_2.c 0x00000000   Number         0  heap_2.o ABSOLUTE
    ..\..\..\..\ThirdParty\FreeRTOSv8.0.1\src\list.c 0x00000000   Number         0  list.o ABSOLUTE
    ..\..\..\..\ThirdParty\FreeRTOSv8.0.1\src\port.c 0x00000000   Number         0  port.o ABSOLUTE
    ..\..\..\..\ThirdParty\FreeRTOSv8.0.1\src\queue.c 0x00000000   Number         0  queue.o ABSOLUTE
    ..\..\..\..\ThirdParty\FreeRTOSv8.0.1\src\tasks.c 0x00000000   Number         0  tasks.o ABSOLUTE
    ..\..\..\..\ThirdParty\FreeRTOSv8.0.1\src\timers.c 0x00000000   Number         0  timers.o ABSOLUTE
    ..\\..\\..\\..\\Src\\C\\Common\\EmbedDriver\\F10xStdPeriph\\Dma.c 0x00000000   Number         0  dma.o ABSOLUTE
    ..\\..\\..\\..\\Src\\C\\Common\\EmbedDriver\\F10xStdPeriph\\Gpio.c 0x00000000   Number         0  gpio.o ABSOLUTE
    ..\\..\\..\\..\\Src\\C\\Common\\EmbedDriver\\F10xStdPeriph\\Usart.c 0x00000000   Number         0  usart.o ABSOLUTE
    ..\\..\\..\\..\\Src\\C\\Common\\EmbedDriver\\MSP\\MspSTM32F103RCT6.c 0x00000000   Number         0  mspstm32f103rct6.o ABSOLUTE
    ..\\..\\..\\..\\Src\\C\\Common\\System\\main.c 0x00000000   Number         0  main.o ABSOLUTE
    ..\\..\\..\\..\\Src\\C\\Common\\System\\stm32f10x_it.c 0x00000000   Number         0  stm32f10x_it.o ABSOLUTE
    ..\\..\\..\\..\\Src\\C\\Stm32F103Demo\\BSP.c 0x00000000   Number         0  bsp.o ABSOLUTE
    ..\\..\\..\\..\\Src\\C\\Stm32F103Demo\\Event.c 0x00000000   Number         0  event.o ABSOLUTE
    ..\\..\\..\\..\\ThirdParty\\FreeRTOSv8.0.1\\src\\port.c 0x00000000   Number         0  port.o ABSOLUTE
    C:\Keil_v5\ARM\PACK\Keil\STM32F1xx_DFP\2.1.0\Device\StdPeriph_Driver\src\misc.c 0x00000000   Number         0  misc.o ABSOLUTE
    C:\Keil_v5\ARM\PACK\Keil\STM32F1xx_DFP\2.1.0\Device\StdPeriph_Driver\src\stm32f10x_dma.c 0x00000000   Number         0  stm32f10x_dma.o ABSOLUTE
    C:\Keil_v5\ARM\PACK\Keil\STM32F1xx_DFP\2.1.0\Device\StdPeriph_Driver\src\stm32f10x_gpio.c 0x00000000   Number         0  stm32f10x_gpio.o ABSOLUTE
    C:\Keil_v5\ARM\PACK\Keil\STM32F1xx_DFP\2.1.0\Device\StdPeriph_Driver\src\stm32f10x_rcc.c 0x00000000   Number         0  stm32f10x_rcc.o ABSOLUTE
    C:\Keil_v5\ARM\PACK\Keil\STM32F1xx_DFP\2.1.0\Device\StdPeriph_Driver\src\stm32f10x_tim.c 0x00000000   Number         0  stm32f10x_tim.o ABSOLUTE
    C:\Keil_v5\ARM\PACK\Keil\STM32F1xx_DFP\2.1.0\Device\StdPeriph_Driver\src\stm32f10x_usart.c 0x00000000   Number         0  stm32f10x_usart.o ABSOLUTE
    C:\Keil_v5\ARM\PACK\Keil\STM32F1xx_DFP\2.1.0\RTE_Driver\GPIO_STM32F10x.c 0x00000000   Number         0  gpio_stm32f10x.o ABSOLUTE
    C:\\Keil_v5\\ARM\\PACK\\Keil\\STM32F1xx_DFP\\2.1.0\\Device\\StdPeriph_Driver\\src\\misc.c 0x00000000   Number         0  misc.o ABSOLUTE
    C:\\Keil_v5\\ARM\\PACK\\Keil\\STM32F1xx_DFP\\2.1.0\\Device\\StdPeriph_Driver\\src\\stm32f10x_dma.c 0x00000000   Number         0  stm32f10x_dma.o ABSOLUTE
    C:\\Keil_v5\\ARM\\PACK\\Keil\\STM32F1xx_DFP\\2.1.0\\Device\\StdPeriph_Driver\\src\\stm32f10x_gpio.c 0x00000000   Number         0  stm32f10x_gpio.o ABSOLUTE
    C:\\Keil_v5\\ARM\\PACK\\Keil\\STM32F1xx_DFP\\2.1.0\\Device\\StdPeriph_Driver\\src\\stm32f10x_rcc.c 0x00000000   Number         0  stm32f10x_rcc.o ABSOLUTE
    C:\\Keil_v5\\ARM\\PACK\\Keil\\STM32F1xx_DFP\\2.1.0\\Device\\StdPeriph_Driver\\src\\stm32f10x_tim.c 0x00000000   Number         0  stm32f10x_tim.o ABSOLUTE
    C:\\Keil_v5\\ARM\\PACK\\Keil\\STM32F1xx_DFP\\2.1.0\\Device\\StdPeriph_Driver\\src\\stm32f10x_usart.c 0x00000000   Number         0  stm32f10x_usart.o ABSOLUTE
    C:\\Keil_v5\\ARM\\PACK\\Keil\\STM32F1xx_DFP\\2.1.0\\RTE_Driver\\GPIO_STM32F10x.c 0x00000000   Number         0  gpio_stm32f10x.o ABSOLUTE
    RTE\Device\STM32F103RC\startup_stm32f10x_hd.s 0x00000000   Number         0  startup_stm32f10x_hd.o ABSOLUTE
    RTE\Device\STM32F103RC\system_stm32f10x.c 0x00000000   Number         0  system_stm32f10x.o ABSOLUTE
    RTE\\Device\\STM32F103RC\\system_stm32f10x.c 0x00000000   Number         0  system_stm32f10x.o ABSOLUTE
    cdrcmple.s                               0x00000000   Number         0  cdrcmple.o ABSOLUTE
    dc.s                                     0x00000000   Number         0  dc.o ABSOLUTE
    handlers.s                               0x00000000   Number         0  handlers.o ABSOLUTE
    init.s                                   0x00000000   Number         0  init.o ABSOLUTE
    RESET                                    0x08000000   Section      304  startup_stm32f10x_hd.o(RESET)
    .ARM.Collect$$$$00000000                 0x08000130   Section        0  entry.o(.ARM.Collect$$$$00000000)
    .ARM.Collect$$$$00000001                 0x08000130   Section        4  entry2.o(.ARM.Collect$$$$00000001)
    .ARM.Collect$$$$00000004                 0x08000134   Section        4  entry5.o(.ARM.Collect$$$$00000004)
    .ARM.Collect$$$$00000008                 0x08000138   Section        0  entry7b.o(.ARM.Collect$$$$00000008)
    .ARM.Collect$$$$0000000A                 0x08000138   Section        0  entry8b.o(.ARM.Collect$$$$0000000A)
    .ARM.Collect$$$$0000000B                 0x08000138   Section        8  entry9a.o(.ARM.Collect$$$$0000000B)
    .ARM.Collect$$$$0000000D                 0x08000140   Section        0  entry10a.o(.ARM.Collect$$$$0000000D)
    .ARM.Collect$$$$0000000F                 0x08000140   Section        0  entry11a.o(.ARM.Collect$$$$0000000F)
    .ARM.Collect$$$$00002712                 0x08000140   Section        4  entry2.o(.ARM.Collect$$$$00002712)
    __lit__00000000                          0x08000140   Data           4  entry2.o(.ARM.Collect$$$$00002712)
    .emb_text                                0x08000144   Section      158  port.o(.emb_text)
    .text                                    0x080001e4   Section       36  startup_stm32f10x_hd.o(.text)
    .text                                    0x08000208   Section       62  setjmp.o(.text)
    .text                                    0x08000246   Section        0  uidiv.o(.text)
    .text                                    0x08000274   Section       36  init.o(.text)
    .text                                    0x08000298   Section        0  __dczerorl2.o(.text)
    i.ADC1_2_IRQHandler                      0x080002ee   Section        0  stm32f10x_it.o(i.ADC1_2_IRQHandler)
    i.ADC3_IRQHandler                        0x080002f0   Section        0  stm32f10x_it.o(i.ADC3_IRQHandler)
    i.AppTaskCreate                          0x080002f4   Section        0  event.o(i.AppTaskCreate)
    i.BspInit                                0x08000328   Section        0  bsp.o(i.BspInit)
    i.CAN1_RX1_IRQHandler                    0x08000378   Section        0  stm32f10x_it.o(i.CAN1_RX1_IRQHandler)
    i.CAN1_SCE_IRQHandler                    0x0800037a   Section        0  stm32f10x_it.o(i.CAN1_SCE_IRQHandler)
    i.DMA1_Channel1_IRQHandler               0x0800037c   Section        0  stm32f10x_it.o(i.DMA1_Channel1_IRQHandler)
    i.DMA1_Channel2_IRQHandler               0x0800037e   Section        0  stm32f10x_it.o(i.DMA1_Channel2_IRQHandler)
    i.DMA1_Channel3_IRQHandler               0x08000380   Section        0  stm32f10x_it.o(i.DMA1_Channel3_IRQHandler)
    i.DMA1_Channel4_IRQHandler               0x08000382   Section        0  stm32f10x_it.o(i.DMA1_Channel4_IRQHandler)
    i.DMA1_Channel5_IRQHandler               0x08000384   Section        0  stm32f10x_it.o(i.DMA1_Channel5_IRQHandler)
    i.DMA1_Channel6_IRQHandler               0x08000386   Section        0  stm32f10x_it.o(i.DMA1_Channel6_IRQHandler)
    i.DMA1_Channel7_IRQHandler               0x08000388   Section        0  stm32f10x_it.o(i.DMA1_Channel7_IRQHandler)
    i.DMA2_Channel1_IRQHandler               0x0800038a   Section        0  stm32f10x_it.o(i.DMA2_Channel1_IRQHandler)
    i.DMA2_Channel2_IRQHandler               0x0800038c   Section        0  stm32f10x_it.o(i.DMA2_Channel2_IRQHandler)
    i.DMA2_Channel3_IRQHandler               0x0800038e   Section        0  stm32f10x_it.o(i.DMA2_Channel3_IRQHandler)
    i.DMA2_Channel4_5_IRQHandler             0x08000390   Section        0  stm32f10x_it.o(i.DMA2_Channel4_5_IRQHandler)
    i.DMA_Cmd                                0x08000392   Section        0  stm32f10x_dma.o(i.DMA_Cmd)
    i.DMA_DeInit                             0x080003ac   Section        0  stm32f10x_dma.o(i.DMA_DeInit)
    i.DMA_Init                               0x080004f8   Section        0  stm32f10x_dma.o(i.DMA_Init)
    i.DmaConfig                              0x08000534   Section        0  dma.o(i.DmaConfig)
    i.EXTI0_IRQHandler                       0x08000608   Section        0  stm32f10x_it.o(i.EXTI0_IRQHandler)
    i.EXTI15_10_IRQHandler                   0x0800060a   Section        0  stm32f10x_it.o(i.EXTI15_10_IRQHandler)
    i.EXTI1_IRQHandler                       0x0800060c   Section        0  stm32f10x_it.o(i.EXTI1_IRQHandler)
    i.EXTI2_IRQHandler                       0x0800060e   Section        0  stm32f10x_it.o(i.EXTI2_IRQHandler)
    i.EXTI3_IRQHandler                       0x08000610   Section        0  stm32f10x_it.o(i.EXTI3_IRQHandler)
    i.EXTI4_IRQHandler                       0x08000612   Section        0  stm32f10x_it.o(i.EXTI4_IRQHandler)
    i.EXTI9_5_IRQHandler                     0x08000614   Section        0  stm32f10x_it.o(i.EXTI9_5_IRQHandler)
    i.FLASH_IRQHandler                       0x08000616   Section        0  stm32f10x_it.o(i.FLASH_IRQHandler)
    i.FSMC_IRQHandler                        0x08000618   Section        0  stm32f10x_it.o(i.FSMC_IRQHandler)
    i.GPIO_Init                              0x0800061a   Section        0  stm32f10x_gpio.o(i.GPIO_Init)
    i.GPIO_PinRemapConfig                    0x08000730   Section        0  stm32f10x_gpio.o(i.GPIO_PinRemapConfig)
    i.GPIO_ReadOutputDataBit                 0x080007c0   Section        0  stm32f10x_gpio.o(i.GPIO_ReadOutputDataBit)
    i.GPIO_WriteBit                          0x080007d2   Section        0  stm32f10x_gpio.o(i.GPIO_WriteBit)
    i.GpioConfig                             0x080007dc   Section        0  gpio.o(i.GpioConfig)
    i.I2C1_ER_IRQHandler                     0x08000804   Section        0  stm32f10x_it.o(i.I2C1_ER_IRQHandler)
    i.I2C1_EV_IRQHandler                     0x08000806   Section        0  stm32f10x_it.o(i.I2C1_EV_IRQHandler)
    i.I2C2_ER_IRQHandler                     0x08000808   Section        0  stm32f10x_it.o(i.I2C2_ER_IRQHandler)
    i.I2C2_EV_IRQHandler                     0x0800080a   Section        0  stm32f10x_it.o(i.I2C2_EV_IRQHandler)
    i.PVD_IRQHandler                         0x0800080c   Section        0  stm32f10x_it.o(i.PVD_IRQHandler)
    i.ProgramSetup                           0x0800080e   Section        0  bsp.o(i.ProgramSetup)
    i.RCC_AHBPeriphClockCmd                  0x0800081c   Section        0  stm32f10x_rcc.o(i.RCC_AHBPeriphClockCmd)
    i.RCC_APB1PeriphClockCmd                 0x0800083c   Section        0  stm32f10x_rcc.o(i.RCC_APB1PeriphClockCmd)
    i.RCC_APB1PeriphResetCmd                 0x0800085c   Section        0  stm32f10x_rcc.o(i.RCC_APB1PeriphResetCmd)
    i.RCC_APB2PeriphClockCmd                 0x0800087c   Section        0  stm32f10x_rcc.o(i.RCC_APB2PeriphClockCmd)
    i.RCC_APB2PeriphResetCmd                 0x0800089c   Section        0  stm32f10x_rcc.o(i.RCC_APB2PeriphResetCmd)
    i.RCC_GetClocksFreq                      0x080008bc   Section        0  stm32f10x_rcc.o(i.RCC_GetClocksFreq)
    i.RCC_IRQHandler                         0x08000990   Section        0  stm32f10x_it.o(i.RCC_IRQHandler)
    i.RTCAlarm_IRQHandler                    0x08000992   Section        0  stm32f10x_it.o(i.RTCAlarm_IRQHandler)
    i.RTC_IRQHandler                         0x08000994   Section        0  stm32f10x_it.o(i.RTC_IRQHandler)
    i.SDIO_IRQHandler                        0x08000996   Section        0  stm32f10x_it.o(i.SDIO_IRQHandler)
    i.SPI1_IRQHandler                        0x08000998   Section        0  stm32f10x_it.o(i.SPI1_IRQHandler)
    i.SPI2_IRQHandler                        0x0800099a   Section        0  stm32f10x_it.o(i.SPI2_IRQHandler)
    i.SPI3_IRQHandler                        0x0800099c   Section        0  stm32f10x_it.o(i.SPI3_IRQHandler)
    i.SetSysClock                            0x0800099e   Section        0  system_stm32f10x.o(i.SetSysClock)
    SetSysClock                              0x0800099f   Thumb Code     8  system_stm32f10x.o(i.SetSysClock)
    i.SetSysClockTo72                        0x080009a8   Section        0  system_stm32f10x.o(i.SetSysClockTo72)
    SetSysClockTo72                          0x080009a9   Thumb Code   214  system_stm32f10x.o(i.SetSysClockTo72)
    i.SystemInit                             0x08000a88   Section        0  system_stm32f10x.o(i.SystemInit)
    i.TAMPER_IRQHandler                      0x08000ae8   Section        0  stm32f10x_it.o(i.TAMPER_IRQHandler)
    i.TIM1_BRK_IRQHandler                    0x08000aea   Section        0  stm32f10x_it.o(i.TIM1_BRK_IRQHandler)
    i.TIM1_CC_IRQHandler                     0x08000aec   Section        0  stm32f10x_it.o(i.TIM1_CC_IRQHandler)
    i.TIM1_TRG_COM_IRQHandler                0x08000aee   Section        0  stm32f10x_it.o(i.TIM1_TRG_COM_IRQHandler)
    i.TIM1_UP_IRQHandler                     0x08000af0   Section        0  stm32f10x_it.o(i.TIM1_UP_IRQHandler)
    i.TIM2_IRQHandler                        0x08000b0c   Section        0  stm32f10x_it.o(i.TIM2_IRQHandler)
    i.TIM3_IRQHandler                        0x08000b18   Section        0  stm32f10x_it.o(i.TIM3_IRQHandler)
    i.TIM4_IRQHandler                        0x08000b1c   Section        0  stm32f10x_it.o(i.TIM4_IRQHandler)
    i.TIM5_IRQHandler                        0x08000b38   Section        0  stm32f10x_it.o(i.TIM5_IRQHandler)
    i.TIM6_IRQHandler                        0x08000b3a   Section        0  stm32f10x_it.o(i.TIM6_IRQHandler)
    i.TIM7_IRQHandler                        0x08000b3c   Section        0  stm32f10x_it.o(i.TIM7_IRQHandler)
    i.TIM8_BRK_IRQHandler                    0x08000b3e   Section        0  stm32f10x_it.o(i.TIM8_BRK_IRQHandler)
    i.TIM8_CC_IRQHandler                     0x08000b40   Section        0  stm32f10x_it.o(i.TIM8_CC_IRQHandler)
    i.TIM8_TRG_COM_IRQHandler                0x08000b42   Section        0  stm32f10x_it.o(i.TIM8_TRG_COM_IRQHandler)
    i.TIM8_UP_IRQHandler                     0x08000b44   Section        0  stm32f10x_it.o(i.TIM8_UP_IRQHandler)
    i.TIM_ClearITPendingBit                  0x08000b60   Section        0  stm32f10x_tim.o(i.TIM_ClearITPendingBit)
    i.TIM_GetITStatus                        0x08000b66   Section        0  stm32f10x_tim.o(i.TIM_GetITStatus)
    i.UART4_IRQHandler                       0x08000b88   Section        0  stm32f10x_it.o(i.UART4_IRQHandler)
    i.UART5_IRQHandler                       0x08000b8a   Section        0  stm32f10x_it.o(i.UART5_IRQHandler)
    i.USART1_IRQHandler                      0x08000b8c   Section        0  stm32f10x_it.o(i.USART1_IRQHandler)
    i.USART2_IRQHandler                      0x08000b8e   Section        0  stm32f10x_it.o(i.USART2_IRQHandler)
    i.USART3_IRQHandler                      0x08000b90   Section        0  stm32f10x_it.o(i.USART3_IRQHandler)
    i.USART_Cmd                              0x08000b92   Section        0  stm32f10x_usart.o(i.USART_Cmd)
    i.USART_DMACmd                           0x08000baa   Section        0  stm32f10x_usart.o(i.USART_DMACmd)
    i.USART_DeInit                           0x08000bbc   Section        0  stm32f10x_usart.o(i.USART_DeInit)
    i.USART_GetFlagStatus                    0x08000c58   Section        0  stm32f10x_usart.o(i.USART_GetFlagStatus)
    i.USART_Init                             0x08000c74   Section        0  stm32f10x_usart.o(i.USART_Init)
    i.USART_SendData                         0x08000d4c   Section        0  stm32f10x_usart.o(i.USART_SendData)
    i.USBWakeUp_IRQHandler                   0x08000d54   Section        0  stm32f10x_it.o(i.USBWakeUp_IRQHandler)
    i.USB_HP_CAN1_TX_IRQHandler              0x08000d56   Section        0  stm32f10x_it.o(i.USB_HP_CAN1_TX_IRQHandler)
    i.USB_LP_CAN1_RX0_IRQHandler             0x08000d58   Section        0  stm32f10x_it.o(i.USB_LP_CAN1_RX0_IRQHandler)
    i.UartConfig                             0x08000d5c   Section        0  usart.o(i.UartConfig)
    i.WWDG_IRQHandler                        0x08000eec   Section        0  stm32f10x_it.o(i.WWDG_IRQHandler)
    i.__0printf$1                            0x08000ef0   Section        0  printf1.o(i.__0printf$1)
    i.__scatterload_copy                     0x08000f10   Section       14  handlers.o(i.__scatterload_copy)
    i.__scatterload_null                     0x08000f1e   Section        2  handlers.o(i.__scatterload_null)
    i.__scatterload_zeroinit                 0x08000f20   Section       14  handlers.o(i.__scatterload_zeroinit)
    i._printf_core                           0x08000f30   Section        0  printf1.o(i._printf_core)
    _printf_core                             0x08000f31   Thumb Code   336  printf1.o(i._printf_core)
    i.fputc                                  0x08001084   Section        0  usart.o(i.fputc)
    i.free                                   0x080010ac   Section        0  malloc.o(i.free)
    i.main                                   0x080010fc   Section        0  main.o(i.main)
    i.malloc                                 0x0800110c   Section        0  malloc.o(i.malloc)
    i.prvAddCurrentTaskToDelayedList         0x08001178   Section        0  tasks.o(i.prvAddCurrentTaskToDelayedList)
    prvAddCurrentTaskToDelayedList           0x08001179   Thumb Code    62  tasks.o(i.prvAddCurrentTaskToDelayedList)
    i.prvAllocateTCBAndStack                 0x080011cc   Section        0  tasks.o(i.prvAllocateTCBAndStack)
    prvAllocateTCBAndStack                   0x080011cd   Thumb Code    46  tasks.o(i.prvAllocateTCBAndStack)
    i.prvCheckTasksWaitingTermination        0x080011fc   Section        0  tasks.o(i.prvCheckTasksWaitingTermination)
    prvCheckTasksWaitingTermination          0x080011fd   Thumb Code    86  tasks.o(i.prvCheckTasksWaitingTermination)
    i.prvDeleteTCB                           0x08001260   Section        0  tasks.o(i.prvDeleteTCB)
    prvDeleteTCB                             0x08001261   Thumb Code    18  tasks.o(i.prvDeleteTCB)
    i.prvHeapInit                            0x08001274   Section        0  heap_2.o(i.prvHeapInit)
    prvHeapInit                              0x08001275   Thumb Code    42  heap_2.o(i.prvHeapInit)
    i.prvIdleTask                            0x080012ac   Section        0  tasks.o(i.prvIdleTask)
    prvIdleTask                              0x080012ad   Thumb Code    20  tasks.o(i.prvIdleTask)
    i.prvInitialiseTCBVariables              0x080012c4   Section        0  tasks.o(i.prvInitialiseTCBVariables)
    prvInitialiseTCBVariables                0x080012c5   Thumb Code    84  tasks.o(i.prvInitialiseTCBVariables)
    i.prvInitialiseTaskLists                 0x08001318   Section        0  tasks.o(i.prvInitialiseTaskLists)
    prvInitialiseTaskLists                   0x08001319   Thumb Code    70  tasks.o(i.prvInitialiseTaskLists)
    i.prvResetNextTaskUnblockTime            0x08001380   Section        0  tasks.o(i.prvResetNextTaskUnblockTime)
    prvResetNextTaskUnblockTime              0x08001381   Thumb Code    42  tasks.o(i.prvResetNextTaskUnblockTime)
    i.prvTaskExitError                       0x080013b4   Section        0  port.o(i.prvTaskExitError)
    prvTaskExitError                         0x080013b5   Thumb Code     8  port.o(i.prvTaskExitError)
    i.pvPortMalloc                           0x080013bc   Section        0  heap_2.o(i.pvPortMalloc)
    i.pxPortInitialiseStack                  0x08001474   Section        0  port.o(i.pxPortInitialiseStack)
    i.uxListRemove                           0x08001494   Section        0  list.o(i.uxListRemove)
    i.vListInitialise                        0x080014bc   Section        0  list.o(i.vListInitialise)
    i.vListInitialiseItem                    0x080014d6   Section        0  list.o(i.vListInitialiseItem)
    i.vListInsert                            0x080014dc   Section        0  list.o(i.vListInsert)
    i.vListInsertEnd                         0x08001510   Section        0  list.o(i.vListInsertEnd)
    i.vPortEnterCritical                     0x08001528   Section        0  port.o(i.vPortEnterCritical)
    i.vPortExitCritical                      0x08001548   Section        0  port.o(i.vPortExitCritical)
    i.vPortFree                              0x08001568   Section        0  heap_2.o(i.vPortFree)
    i.vPortSetupTimerInterrupt               0x080015a8   Section        0  port.o(i.vPortSetupTimerInterrupt)
    i.vPortYield                             0x080015bc   Section        0  port.o(i.vPortYield)
    i.vTaskDelayUntil                        0x080015d4   Section        0  tasks.o(i.vTaskDelayUntil)
    i.vTaskLed1                              0x08001644   Section        0  event.o(i.vTaskLed1)
    i.vTaskStartScheduler                    0x080016a8   Section        0  tasks.o(i.vTaskStartScheduler)
    i.vTaskSuspendAll                        0x080016f0   Section        0  tasks.o(i.vTaskSuspendAll)
    i.vTaskSwitchContext                     0x08001700   Section        0  tasks.o(i.vTaskSwitchContext)
    i.xPortStartScheduler                    0x08001780   Section        0  port.o(i.xPortStartScheduler)
    i.xPortSysTickHandler                    0x080017b4   Section        0  port.o(i.xPortSysTickHandler)
    i.xTaskGenericCreate                     0x080017d4   Section        0  tasks.o(i.xTaskGenericCreate)
    i.xTaskGetTickCount                      0x080018cc   Section        0  tasks.o(i.xTaskGetTickCount)
    i.xTaskIncrementTick                     0x080018e4   Section        0  tasks.o(i.xTaskIncrementTick)
    i.xTaskResumeAll                         0x08001a00   Section        0  tasks.o(i.xTaskResumeAll)
    .data                                    0x20000000   Section        8  event.o(.data)
    xHandleTaskLED1                          0x20000000   Data           4  event.o(.data)
    .data                                    0x20000008   Section      192  bsp.o(.data)
    .data                                    0x200000c8   Section      448  mspstm32f103rct6.o(.data)
    .data                                    0x20000288   Section       24  heap_2.o(.data)
    xStart                                   0x20000288   Data           8  heap_2.o(.data)
    xEnd                                     0x20000290   Data           8  heap_2.o(.data)
    xFreeBytesRemaining                      0x20000298   Data           4  heap_2.o(.data)
    xHeapHasBeenInitialised                  0x2000029c   Data           4  heap_2.o(.data)
    .data                                    0x200002a0   Section        4  port.o(.data)
    uxCriticalNesting                        0x200002a0   Data           4  port.o(.data)
    .data                                    0x200002a4   Section       56  tasks.o(.data)
    pxDelayedTaskList                        0x200002a8   Data           4  tasks.o(.data)
    pxOverflowDelayedTaskList                0x200002ac   Data           4  tasks.o(.data)
    uxTasksDeleted                           0x200002b0   Data           4  tasks.o(.data)
    uxCurrentNumberOfTasks                   0x200002b4   Data           4  tasks.o(.data)
    xTickCount                               0x200002b8   Data           4  tasks.o(.data)
    uxTopReadyPriority                       0x200002bc   Data           4  tasks.o(.data)
    xSchedulerRunning                        0x200002c0   Data           4  tasks.o(.data)
    uxPendedTicks                            0x200002c4   Data           4  tasks.o(.data)
    xYieldPending                            0x200002c8   Data           4  tasks.o(.data)
    xNumOfOverflows                          0x200002cc   Data           4  tasks.o(.data)
    uxTaskNumber                             0x200002d0   Data           4  tasks.o(.data)
    xNextTaskUnblockTime                     0x200002d4   Data           4  tasks.o(.data)
    uxSchedulerSuspended                     0x200002d8   Data           4  tasks.o(.data)
    .data                                    0x200002dc   Section        8  cexpection.o(.data)
    .data                                    0x200002e4   Section       20  stm32f10x_rcc.o(.data)
    APBAHBPrescTable                         0x200002e4   Data          16  stm32f10x_rcc.o(.data)
    ADCPrescTable                            0x200002f4   Data           4  stm32f10x_rcc.o(.data)
    .data                                    0x200002f8   Section        4  stdout.o(.data)
    .data                                    0x200002fc   Section        4  mvars.o(.data)
    .data                                    0x20000300   Section        4  mvars.o(.data)
    .bss                                     0x20000304   Section    17408  heap_2.o(.bss)
    ucHeap                                   0x20000304   Data       17408  heap_2.o(.bss)
    .bss                                     0x20004704   Section      200  tasks.o(.bss)
    pxReadyTasksLists                        0x20004704   Data         100  tasks.o(.bss)
    xDelayedTaskList1                        0x20004768   Data          20  tasks.o(.bss)
    xDelayedTaskList2                        0x2000477c   Data          20  tasks.o(.bss)
    xPendingReadyList                        0x20004790   Data          20  tasks.o(.bss)
    xTasksWaitingTermination                 0x200047a4   Data          20  tasks.o(.bss)
    xSuspendedTaskList                       0x200047b8   Data          20  tasks.o(.bss)
    .bss                                     0x200047d0   Section      160  cexpection.o(.bss)
    HEAP                                     0x20004870   Section      512  startup_stm32f10x_hd.o(HEAP)
    STACK                                    0x20004a70   Section     1024  startup_stm32f10x_hd.o(STACK)

    Global Symbols

    Symbol Name                              Value     Ov Type        Size  Object(Section)

    BuildAttributes$$THM_ISAv4$P$D$K$B$S$PE$A:L22UL41UL21$X:L11$S22US41US21$IEEE1$IW$USESV6$~STKCKD$USESV7$~SHL$OSPACE$ROPI$EBA8$MICROLIB$REQ8$PRES8$EABIv2 0x00000000   Number         0  anon$$obj.o ABSOLUTE
    __ARM_use_no_argv                        0x00000000   Number         0  main.o ABSOLUTE
    _printf_a                                0x00000000   Number         0  stubs.o ABSOLUTE
    _printf_c                                0x00000000   Number         0  stubs.o ABSOLUTE
    _printf_charcount                        0x00000000   Number         0  stubs.o ABSOLUTE
    _printf_d                                0x00000000   Number         0  stubs.o ABSOLUTE
    _printf_e                                0x00000000   Number         0  stubs.o ABSOLUTE
    _printf_f                                0x00000000   Number         0  stubs.o ABSOLUTE
    _printf_flags                            0x00000000   Number         0  stubs.o ABSOLUTE
    _printf_fp_dec                           0x00000000   Number         0  stubs.o ABSOLUTE
    _printf_fp_hex                           0x00000000   Number         0  stubs.o ABSOLUTE
    _printf_g                                0x00000000   Number         0  stubs.o ABSOLUTE
    _printf_i                                0x00000000   Number         0  stubs.o ABSOLUTE
    _printf_int_dec                          0x00000000   Number         0  stubs.o ABSOLUTE
    _printf_l                                0x00000000   Number         0  stubs.o ABSOLUTE
    _printf_lc                               0x00000000   Number         0  stubs.o ABSOLUTE
    _printf_ll                               0x00000000   Number         0  stubs.o ABSOLUTE
    _printf_lld                              0x00000000   Number         0  stubs.o ABSOLUTE
    _printf_lli                              0x00000000   Number         0  stubs.o ABSOLUTE
    _printf_llo                              0x00000000   Number         0  stubs.o ABSOLUTE
    _printf_llu                              0x00000000   Number         0  stubs.o ABSOLUTE
    _printf_llx                              0x00000000   Number         0  stubs.o ABSOLUTE
    _printf_longlong_dec                     0x00000000   Number         0  stubs.o ABSOLUTE
    _printf_longlong_hex                     0x00000000   Number         0  stubs.o ABSOLUTE
    _printf_longlong_oct                     0x00000000   Number         0  stubs.o ABSOLUTE
    _printf_ls                               0x00000000   Number         0  stubs.o ABSOLUTE
    _printf_mbtowc                           0x00000000   Number         0  stubs.o ABSOLUTE
    _printf_n                                0x00000000   Number         0  stubs.o ABSOLUTE
    _printf_o                                0x00000000   Number         0  stubs.o ABSOLUTE
    _printf_p                                0x00000000   Number         0  stubs.o ABSOLUTE
    _printf_percent                          0x00000000   Number         0  stubs.o ABSOLUTE
    _printf_pre_padding                      0x00000000   Number         0  stubs.o ABSOLUTE
    _printf_return_value                     0x00000000   Number         0  stubs.o ABSOLUTE
    _printf_s                                0x00000000   Number         0  stubs.o ABSOLUTE
    _printf_sizespec                         0x00000000   Number         0  stubs.o ABSOLUTE
    _printf_str                              0x00000000   Number         0  stubs.o ABSOLUTE
    _printf_truncate_signed                  0x00000000   Number         0  stubs.o ABSOLUTE
    _printf_truncate_unsigned                0x00000000   Number         0  stubs.o ABSOLUTE
    _printf_u                                0x00000000   Number         0  stubs.o ABSOLUTE
    _printf_wc                               0x00000000   Number         0  stubs.o ABSOLUTE
    _printf_wctomb                           0x00000000   Number         0  stubs.o ABSOLUTE
    _printf_widthprec                        0x00000000   Number         0  stubs.o ABSOLUTE
    _printf_x                                0x00000000   Number         0  stubs.o ABSOLUTE
    __alloca_longjmp                          - Undefined Weak Reference
    __alloca_setjmp                           - Undefined Weak Reference
    __cpp_initialize__aeabi_                  - Undefined Weak Reference
    __cxa_finalize                            - Undefined Weak Reference
    _clock_init                               - Undefined Weak Reference
    _microlib_exit                            - Undefined Weak Reference
    __Vectors_Size                           0x00000130   Number         0  startup_stm32f10x_hd.o ABSOLUTE
    __Vectors                                0x08000000   Data           4  startup_stm32f10x_hd.o(RESET)
    __Vectors_End                            0x08000130   Data           0  startup_stm32f10x_hd.o(RESET)
    __main                                   0x08000131   Thumb Code     0  entry.o(.ARM.Collect$$$$00000000)
    _main_stk                                0x08000131   Thumb Code     0  entry2.o(.ARM.Collect$$$$00000001)
    _main_scatterload                        0x08000135   Thumb Code     0  entry5.o(.ARM.Collect$$$$00000004)
    __main_after_scatterload                 0x08000139   Thumb Code     0  entry5.o(.ARM.Collect$$$$00000004)
    _main_clock                              0x08000139   Thumb Code     0  entry7b.o(.ARM.Collect$$$$00000008)
    _main_cpp_init                           0x08000139   Thumb Code     0  entry8b.o(.ARM.Collect$$$$0000000A)
    _main_init                               0x08000139   Thumb Code     0  entry9a.o(.ARM.Collect$$$$0000000B)
    __rt_final_cpp                           0x08000141   Thumb Code     0  entry10a.o(.ARM.Collect$$$$0000000D)
    __rt_final_exit                          0x08000141   Thumb Code     0  entry11a.o(.ARM.Collect$$$$0000000F)
    vPortSVCHandler                          0x08000145   Thumb Code    32  port.o(.emb_text)
    __asm___6_port_c_39a90d8d__prvStartFirstTask 0x08000169   Thumb Code    24  port.o(.emb_text)
    xPortPendSVHandler                       0x08000185   Thumb Code    64  port.o(.emb_text)
    ulPortSetInterruptMask                   0x080001c9   Thumb Code    14  port.o(.emb_text)
    vPortClearInterruptMask                  0x080001d7   Thumb Code     6  port.o(.emb_text)
    vPortGetIPSR                             0x080001dd   Thumb Code     6  port.o(.emb_text)
    Reset_Handler                            0x080001e5   Thumb Code     8  startup_stm32f10x_hd.o(.text)
    NMI_Handler                              0x080001ed   Thumb Code     2  startup_stm32f10x_hd.o(.text)
    HardFault_Handler                        0x080001ef   Thumb Code     2  startup_stm32f10x_hd.o(.text)
    MemManage_Handler                        0x080001f1   Thumb Code     2  startup_stm32f10x_hd.o(.text)
    BusFault_Handler                         0x080001f3   Thumb Code     2  startup_stm32f10x_hd.o(.text)
    UsageFault_Handler                       0x080001f5   Thumb Code     2  startup_stm32f10x_hd.o(.text)
    SVC_Handler                              0x080001f7   Thumb Code     2  startup_stm32f10x_hd.o(.text)
    DebugMon_Handler                         0x080001f9   Thumb Code     2  startup_stm32f10x_hd.o(.text)
    PendSV_Handler                           0x080001fb   Thumb Code     2  startup_stm32f10x_hd.o(.text)
    setjmp                                   0x08000209   Thumb Code    26  setjmp.o(.text)
    longjmp                                  0x08000223   Thumb Code    36  setjmp.o(.text)
    __aeabi_uidiv                            0x08000247   Thumb Code     0  uidiv.o(.text)
    __aeabi_uidivmod                         0x08000247   Thumb Code    44  uidiv.o(.text)
    __scatterload                            0x08000275   Thumb Code    28  init.o(.text)
    __scatterload_rt2                        0x08000275   Thumb Code     0  init.o(.text)
    __decompress                             0x08000299   Thumb Code     0  __dczerorl2.o(.text)
    __decompress1                            0x08000299   Thumb Code    86  __dczerorl2.o(.text)
    ADC1_2_IRQHandler                        0x080002ef   Thumb Code     2  stm32f10x_it.o(i.ADC1_2_IRQHandler)
    ADC3_IRQHandler                          0x080002f1   Thumb Code     2  stm32f10x_it.o(i.ADC3_IRQHandler)
    AppTaskCreate                            0x080002f5   Thumb Code    32  event.o(i.AppTaskCreate)
    BspInit                                  0x08000329   Thumb Code    64  bsp.o(i.BspInit)
    CAN1_RX1_IRQHandler                      0x08000379   Thumb Code     2  stm32f10x_it.o(i.CAN1_RX1_IRQHandler)
    CAN1_SCE_IRQHandler                      0x0800037b   Thumb Code     2  stm32f10x_it.o(i.CAN1_SCE_IRQHandler)
    DMA1_Channel1_IRQHandler                 0x0800037d   Thumb Code     2  stm32f10x_it.o(i.DMA1_Channel1_IRQHandler)
    DMA1_Channel2_IRQHandler                 0x0800037f   Thumb Code     2  stm32f10x_it.o(i.DMA1_Channel2_IRQHandler)
    DMA1_Channel3_IRQHandler                 0x08000381   Thumb Code     2  stm32f10x_it.o(i.DMA1_Channel3_IRQHandler)
    DMA1_Channel4_IRQHandler                 0x08000383   Thumb Code     2  stm32f10x_it.o(i.DMA1_Channel4_IRQHandler)
    DMA1_Channel5_IRQHandler                 0x08000385   Thumb Code     2  stm32f10x_it.o(i.DMA1_Channel5_IRQHandler)
    DMA1_Channel6_IRQHandler                 0x08000387   Thumb Code     2  stm32f10x_it.o(i.DMA1_Channel6_IRQHandler)
    DMA1_Channel7_IRQHandler                 0x08000389   Thumb Code     2  stm32f10x_it.o(i.DMA1_Channel7_IRQHandler)
    DMA2_Channel1_IRQHandler                 0x0800038b   Thumb Code     2  stm32f10x_it.o(i.DMA2_Channel1_IRQHandler)
    DMA2_Channel2_IRQHandler                 0x0800038d   Thumb Code     2  stm32f10x_it.o(i.DMA2_Channel2_IRQHandler)
    DMA2_Channel3_IRQHandler                 0x0800038f   Thumb Code     2  stm32f10x_it.o(i.DMA2_Channel3_IRQHandler)
    DMA2_Channel4_5_IRQHandler               0x08000391   Thumb Code     2  stm32f10x_it.o(i.DMA2_Channel4_5_IRQHandler)
    DMA_Cmd                                  0x08000393   Thumb Code    24  stm32f10x_dma.o(i.DMA_Cmd)
    DMA_DeInit                               0x080003ad   Thumb Code   324  stm32f10x_dma.o(i.DMA_DeInit)
    DMA_Init                                 0x080004f9   Thumb Code    60  stm32f10x_dma.o(i.DMA_Init)
    DmaConfig                                0x08000535   Thumb Code   202  dma.o(i.DmaConfig)
    EXTI0_IRQHandler                         0x08000609   Thumb Code     2  stm32f10x_it.o(i.EXTI0_IRQHandler)
    EXTI15_10_IRQHandler                     0x0800060b   Thumb Code     2  stm32f10x_it.o(i.EXTI15_10_IRQHandler)
    EXTI1_IRQHandler                         0x0800060d   Thumb Code     2  stm32f10x_it.o(i.EXTI1_IRQHandler)
    EXTI2_IRQHandler                         0x0800060f   Thumb Code     2  stm32f10x_it.o(i.EXTI2_IRQHandler)
    EXTI3_IRQHandler                         0x08000611   Thumb Code     2  stm32f10x_it.o(i.EXTI3_IRQHandler)
    EXTI4_IRQHandler                         0x08000613   Thumb Code     2  stm32f10x_it.o(i.EXTI4_IRQHandler)
    EXTI9_5_IRQHandler                       0x08000615   Thumb Code     2  stm32f10x_it.o(i.EXTI9_5_IRQHandler)
    FLASH_IRQHandler                         0x08000617   Thumb Code     2  stm32f10x_it.o(i.FLASH_IRQHandler)
    FSMC_IRQHandler                          0x08000619   Thumb Code     2  stm32f10x_it.o(i.FSMC_IRQHandler)
    GPIO_Init                                0x0800061b   Thumb Code   278  stm32f10x_gpio.o(i.GPIO_Init)
    GPIO_PinRemapConfig                      0x08000731   Thumb Code   138  stm32f10x_gpio.o(i.GPIO_PinRemapConfig)
    GPIO_ReadOutputDataBit                   0x080007c1   Thumb Code    18  stm32f10x_gpio.o(i.GPIO_ReadOutputDataBit)
    GPIO_WriteBit                            0x080007d3   Thumb Code    10  stm32f10x_gpio.o(i.GPIO_WriteBit)
    GpioConfig                               0x080007dd   Thumb Code    40  gpio.o(i.GpioConfig)
    I2C1_ER_IRQHandler                       0x08000805   Thumb Code     2  stm32f10x_it.o(i.I2C1_ER_IRQHandler)
    I2C1_EV_IRQHandler                       0x08000807   Thumb Code     2  stm32f10x_it.o(i.I2C1_EV_IRQHandler)
    I2C2_ER_IRQHandler                       0x08000809   Thumb Code     2  stm32f10x_it.o(i.I2C2_ER_IRQHandler)
    I2C2_EV_IRQHandler                       0x0800080b   Thumb Code     2  stm32f10x_it.o(i.I2C2_EV_IRQHandler)
    PVD_IRQHandler                           0x0800080d   Thumb Code     2  stm32f10x_it.o(i.PVD_IRQHandler)
    ProgramSetup                             0x0800080f   Thumb Code    12  bsp.o(i.ProgramSetup)
    RCC_AHBPeriphClockCmd                    0x0800081d   Thumb Code    26  stm32f10x_rcc.o(i.RCC_AHBPeriphClockCmd)
    RCC_APB1PeriphClockCmd                   0x0800083d   Thumb Code    26  stm32f10x_rcc.o(i.RCC_APB1PeriphClockCmd)
    RCC_APB1PeriphResetCmd                   0x0800085d   Thumb Code    26  stm32f10x_rcc.o(i.RCC_APB1PeriphResetCmd)
    RCC_APB2PeriphClockCmd                   0x0800087d   Thumb Code    26  stm32f10x_rcc.o(i.RCC_APB2PeriphClockCmd)
    RCC_APB2PeriphResetCmd                   0x0800089d   Thumb Code    26  stm32f10x_rcc.o(i.RCC_APB2PeriphResetCmd)
    RCC_GetClocksFreq                        0x080008bd   Thumb Code   192  stm32f10x_rcc.o(i.RCC_GetClocksFreq)
    RCC_IRQHandler                           0x08000991   Thumb Code     2  stm32f10x_it.o(i.RCC_IRQHandler)
    RTCAlarm_IRQHandler                      0x08000993   Thumb Code     2  stm32f10x_it.o(i.RTCAlarm_IRQHandler)
    RTC_IRQHandler                           0x08000995   Thumb Code     2  stm32f10x_it.o(i.RTC_IRQHandler)
    SDIO_IRQHandler                          0x08000997   Thumb Code     2  stm32f10x_it.o(i.SDIO_IRQHandler)
    SPI1_IRQHandler                          0x08000999   Thumb Code     2  stm32f10x_it.o(i.SPI1_IRQHandler)
    SPI2_IRQHandler                          0x0800099b   Thumb Code     2  stm32f10x_it.o(i.SPI2_IRQHandler)
    SPI3_IRQHandler                          0x0800099d   Thumb Code     2  stm32f10x_it.o(i.SPI3_IRQHandler)
    SystemInit                               0x08000a89   Thumb Code    78  system_stm32f10x.o(i.SystemInit)
    TAMPER_IRQHandler                        0x08000ae9   Thumb Code     2  stm32f10x_it.o(i.TAMPER_IRQHandler)
    TIM1_BRK_IRQHandler                      0x08000aeb   Thumb Code     2  stm32f10x_it.o(i.TIM1_BRK_IRQHandler)
    TIM1_CC_IRQHandler                       0x08000aed   Thumb Code     2  stm32f10x_it.o(i.TIM1_CC_IRQHandler)
    TIM1_TRG_COM_IRQHandler                  0x08000aef   Thumb Code     2  stm32f10x_it.o(i.TIM1_TRG_COM_IRQHandler)
    TIM1_UP_IRQHandler                       0x08000af1   Thumb Code    22  stm32f10x_it.o(i.TIM1_UP_IRQHandler)
    TIM2_IRQHandler                          0x08000b0d   Thumb Code    12  stm32f10x_it.o(i.TIM2_IRQHandler)
    TIM3_IRQHandler                          0x08000b19   Thumb Code     2  stm32f10x_it.o(i.TIM3_IRQHandler)
    TIM4_IRQHandler                          0x08000b1d   Thumb Code    22  stm32f10x_it.o(i.TIM4_IRQHandler)
    TIM5_IRQHandler                          0x08000b39   Thumb Code     2  stm32f10x_it.o(i.TIM5_IRQHandler)
    TIM6_IRQHandler                          0x08000b3b   Thumb Code     2  stm32f10x_it.o(i.TIM6_IRQHandler)
    TIM7_IRQHandler                          0x08000b3d   Thumb Code     2  stm32f10x_it.o(i.TIM7_IRQHandler)
    TIM8_BRK_IRQHandler                      0x08000b3f   Thumb Code     2  stm32f10x_it.o(i.TIM8_BRK_IRQHandler)
    TIM8_CC_IRQHandler                       0x08000b41   Thumb Code     2  stm32f10x_it.o(i.TIM8_CC_IRQHandler)
    TIM8_TRG_COM_IRQHandler                  0x08000b43   Thumb Code     2  stm32f10x_it.o(i.TIM8_TRG_COM_IRQHandler)
    TIM8_UP_IRQHandler                       0x08000b45   Thumb Code    22  stm32f10x_it.o(i.TIM8_UP_IRQHandler)
    TIM_ClearITPendingBit                    0x08000b61   Thumb Code     6  stm32f10x_tim.o(i.TIM_ClearITPendingBit)
    TIM_GetITStatus                          0x08000b67   Thumb Code    34  stm32f10x_tim.o(i.TIM_GetITStatus)
    UART4_IRQHandler                         0x08000b89   Thumb Code     2  stm32f10x_it.o(i.UART4_IRQHandler)
    UART5_IRQHandler                         0x08000b8b   Thumb Code     2  stm32f10x_it.o(i.UART5_IRQHandler)
    USART1_IRQHandler                        0x08000b8d   Thumb Code     2  stm32f10x_it.o(i.USART1_IRQHandler)
    USART2_IRQHandler                        0x08000b8f   Thumb Code     2  stm32f10x_it.o(i.USART2_IRQHandler)
    USART3_IRQHandler                        0x08000b91   Thumb Code     2  stm32f10x_it.o(i.USART3_IRQHandler)
    USART_Cmd                                0x08000b93   Thumb Code    24  stm32f10x_usart.o(i.USART_Cmd)
    USART_DMACmd                             0x08000bab   Thumb Code    18  stm32f10x_usart.o(i.USART_DMACmd)
    USART_DeInit                             0x08000bbd   Thumb Code   134  stm32f10x_usart.o(i.USART_DeInit)
    USART_GetFlagStatus                      0x08000c59   Thumb Code    26  stm32f10x_usart.o(i.USART_GetFlagStatus)
    USART_Init                               0x08000c75   Thumb Code   210  stm32f10x_usart.o(i.USART_Init)
    USART_SendData                           0x08000d4d   Thumb Code     8  stm32f10x_usart.o(i.USART_SendData)
    USBWakeUp_IRQHandler                     0x08000d55   Thumb Code     2  stm32f10x_it.o(i.USBWakeUp_IRQHandler)
    USB_HP_CAN1_TX_IRQHandler                0x08000d57   Thumb Code     2  stm32f10x_it.o(i.USB_HP_CAN1_TX_IRQHandler)
    USB_LP_CAN1_RX0_IRQHandler               0x08000d59   Thumb Code     2  stm32f10x_it.o(i.USB_LP_CAN1_RX0_IRQHandler)
    UartConfig                               0x08000d5d   Thumb Code   308  usart.o(i.UartConfig)
    WWDG_IRQHandler                          0x08000eed   Thumb Code     2  stm32f10x_it.o(i.WWDG_IRQHandler)
    __0printf$1                              0x08000ef1   Thumb Code    22  printf1.o(i.__0printf$1)
    __1printf$1                              0x08000ef1   Thumb Code     0  printf1.o(i.__0printf$1)
    __2printf                                0x08000ef1   Thumb Code     0  printf1.o(i.__0printf$1)
    __scatterload_copy                       0x08000f11   Thumb Code    14  handlers.o(i.__scatterload_copy)
    __scatterload_null                       0x08000f1f   Thumb Code     2  handlers.o(i.__scatterload_null)
    __scatterload_zeroinit                   0x08000f21   Thumb Code    14  handlers.o(i.__scatterload_zeroinit)
    fputc                                    0x08001085   Thumb Code    36  usart.o(i.fputc)
    free                                     0x080010ad   Thumb Code    76  malloc.o(i.free)
    main                                     0x080010fd   Thumb Code    16  main.o(i.main)
    malloc                                   0x0800110d   Thumb Code    92  malloc.o(i.malloc)
    pvPortMalloc                             0x080013bd   Thumb Code   166  heap_2.o(i.pvPortMalloc)
    pxPortInitialiseStack                    0x08001475   Thumb Code    26  port.o(i.pxPortInitialiseStack)
    uxListRemove                             0x08001495   Thumb Code    40  list.o(i.uxListRemove)
    vListInitialise                          0x080014bd   Thumb Code    26  list.o(i.vListInitialise)
    vListInitialiseItem                      0x080014d7   Thumb Code     6  list.o(i.vListInitialiseItem)
    vListInsert                              0x080014dd   Thumb Code    52  list.o(i.vListInsert)
    vListInsertEnd                           0x08001511   Thumb Code    24  list.o(i.vListInsertEnd)
    vPortEnterCritical                       0x08001529   Thumb Code    26  port.o(i.vPortEnterCritical)
    vPortExitCritical                        0x08001549   Thumb Code    26  port.o(i.vPortExitCritical)
    vPortFree                                0x08001569   Thumb Code    56  heap_2.o(i.vPortFree)
    vPortSetupTimerInterrupt                 0x080015a9   Thumb Code    14  port.o(i.vPortSetupTimerInterrupt)
    vPortYield                               0x080015bd   Thumb Code    18  port.o(i.vPortYield)
    vTaskDelayUntil                          0x080015d5   Thumb Code   102  tasks.o(i.vTaskDelayUntil)
    vTaskLed1                                0x08001645   Thumb Code    74  event.o(i.vTaskLed1)
    vTaskStartScheduler                      0x080016a9   Thumb Code    52  tasks.o(i.vTaskStartScheduler)
    vTaskSuspendAll                          0x080016f1   Thumb Code    12  tasks.o(i.vTaskSuspendAll)
    vTaskSwitchContext                       0x08001701   Thumb Code   106  tasks.o(i.vTaskSwitchContext)
    xPortStartScheduler                      0x08001781   Thumb Code    42  port.o(i.xPortStartScheduler)
    xPortSysTickHandler                      0x080017b5   Thumb Code    28  port.o(i.xPortSysTickHandler)
    xTaskGenericCreate                       0x080017d5   Thumb Code   224  tasks.o(i.xTaskGenericCreate)
    xTaskGetTickCount                        0x080018cd   Thumb Code    18  tasks.o(i.xTaskGetTickCount)
    xTaskIncrementTick                       0x080018e5   Thumb Code   240  tasks.o(i.xTaskIncrementTick)
    xTaskResumeAll                           0x08001a01   Thumb Code   184  tasks.o(i.xTaskResumeAll)
    Region$$Table$$Base                      0x08001ad8   Number         0  anon$$obj.o(Region$$Table)
    Region$$Table$$Limit                     0x08001af8   Number         0  anon$$obj.o(Region$$Table)
    Count                                    0x20000004   Data           4  event.o(.data)
    gStateLed                                0x20000008   Data          16  bsp.o(.data)
    gUltrasonicUsart                         0x20000018   Data          88  bsp.o(.data)
    gTerminalUsart                           0x20000070   Data          88  bsp.o(.data)
    mUart1RxDma                              0x200000c8   Data          56  mspstm32f103rct6.o(.data)
    mUart1TxDma                              0x20000100   Data          56  mspstm32f103rct6.o(.data)
    mUart2RxDma                              0x20000138   Data          56  mspstm32f103rct6.o(.data)
    mUart2TxDma                              0x20000170   Data          56  mspstm32f103rct6.o(.data)
    mUart4RxDma                              0x200001a8   Data          56  mspstm32f103rct6.o(.data)
    mUart4TxDma                              0x200001e0   Data          56  mspstm32f103rct6.o(.data)
    mUart3RxDma                              0x20000218   Data          56  mspstm32f103rct6.o(.data)
    mUart3TxDma                              0x20000250   Data          56  mspstm32f103rct6.o(.data)
    pxCurrentTCB                             0x200002a4   Data           4  tasks.o(.data)
    expId                                    0x200002dc   Data           4  cexpection.o(.data)
    cExpectMsg                               0x200002e0   Data           4  cexpection.o(.data)
    __stdout                                 0x200002f8   Data           4  stdout.o(.data)
    __microlib_freelist                      0x200002fc   Data           4  mvars.o(.data)
    __microlib_freelist_initialised          0x20000300   Data           4  mvars.o(.data)
    expectionBuf                             0x200047d0   Data         160  cexpection.o(.bss)
    __heap_base                              0x20004870   Data           0  startup_stm32f10x_hd.o(HEAP)
    __heap_limit                             0x20004a70   Data           0  startup_stm32f10x_hd.o(HEAP)
    __initial_sp                             0x20004e70   Data           0  startup_stm32f10x_hd.o(STACK)



==============================================================================

Memory Map of the image

  Image Entry point : 0x08000131

  Load Region LR_IROM1 (Base: 0x08000000, Size: 0x00001dfc, Max: 0x00040000, ABSOLUTE, COMPRESSED[0x00001bcc])

    Execution Region ER_IROM1 (Base: 0x08000000, Size: 0x00001af8, Max: 0x00040000, ABSOLUTE)

    Base Addr    Size         Type   Attr      Idx    E Section Name        Object

    0x08000000   0x00000130   Data   RO         2678    RESET               startup_stm32f10x_hd.o
    0x08000130   0x00000000   Code   RO         2729  * .ARM.Collect$$$$00000000  mc_w.l(entry.o)
    0x08000130   0x00000004   Code   RO         3029    .ARM.Collect$$$$00000001  mc_w.l(entry2.o)
    0x08000134   0x00000004   Code   RO         3032    .ARM.Collect$$$$00000004  mc_w.l(entry5.o)
    0x08000138   0x00000000   Code   RO         3034    .ARM.Collect$$$$00000008  mc_w.l(entry7b.o)
    0x08000138   0x00000000   Code   RO         3036    .ARM.Collect$$$$0000000A  mc_w.l(entry8b.o)
    0x08000138   0x00000008   Code   RO         3037    .ARM.Collect$$$$0000000B  mc_w.l(entry9a.o)
    0x08000140   0x00000000   Code   RO         3039    .ARM.Collect$$$$0000000D  mc_w.l(entry10a.o)
    0x08000140   0x00000000   Code   RO         3041    .ARM.Collect$$$$0000000F  mc_w.l(entry11a.o)
    0x08000140   0x00000004   Code   RO         3030    .ARM.Collect$$$$00002712  mc_w.l(entry2.o)
    0x08000144   0x0000009e   Code   RO          993    .emb_text           port.o
    0x080001e2   0x00000002   PAD
    0x080001e4   0x00000024   Code   RO         2679    .text               startup_stm32f10x_hd.o
    0x08000208   0x0000003e   Code   RO         3027    .text               mf_w.l(setjmp.o)
    0x08000246   0x0000002c   Code   RO         3044    .text               mc_w.l(uidiv.o)
    0x08000272   0x00000002   PAD
    0x08000274   0x00000024   Code   RO         3061    .text               mc_w.l(init.o)
    0x08000298   0x00000056   Code   RO         3079    .text               mc_w.l(__dczerorl2.o)
    0x080002ee   0x00000002   Code   RO          237    i.ADC1_2_IRQHandler  stm32f10x_it.o
    0x080002f0   0x00000002   Code   RO          238    i.ADC3_IRQHandler   stm32f10x_it.o
    0x080002f2   0x00000002   PAD
    0x080002f4   0x00000034   Code   RO            4    i.AppTaskCreate     event.o
    0x08000328   0x00000050   Code   RO          177    i.BspInit           bsp.o
    0x08000378   0x00000002   Code   RO          240    i.CAN1_RX1_IRQHandler  stm32f10x_it.o
    0x0800037a   0x00000002   Code   RO          241    i.CAN1_SCE_IRQHandler  stm32f10x_it.o
    0x0800037c   0x00000002   Code   RO          242    i.DMA1_Channel1_IRQHandler  stm32f10x_it.o
    0x0800037e   0x00000002   Code   RO          243    i.DMA1_Channel2_IRQHandler  stm32f10x_it.o
    0x08000380   0x00000002   Code   RO          244    i.DMA1_Channel3_IRQHandler  stm32f10x_it.o
    0x08000382   0x00000002   Code   RO          245    i.DMA1_Channel4_IRQHandler  stm32f10x_it.o
    0x08000384   0x00000002   Code   RO          246    i.DMA1_Channel5_IRQHandler  stm32f10x_it.o
    0x08000386   0x00000002   Code   RO          247    i.DMA1_Channel6_IRQHandler  stm32f10x_it.o
    0x08000388   0x00000002   Code   RO          248    i.DMA1_Channel7_IRQHandler  stm32f10x_it.o
    0x0800038a   0x00000002   Code   RO          249    i.DMA2_Channel1_IRQHandler  stm32f10x_it.o
    0x0800038c   0x00000002   Code   RO          250    i.DMA2_Channel2_IRQHandler  stm32f10x_it.o
    0x0800038e   0x00000002   Code   RO          251    i.DMA2_Channel3_IRQHandler  stm32f10x_it.o
    0x08000390   0x00000002   Code   RO          252    i.DMA2_Channel4_5_IRQHandler  stm32f10x_it.o
    0x08000392   0x00000018   Code   RO         1459    i.DMA_Cmd           stm32f10x_dma.o
    0x080003aa   0x00000002   PAD
    0x080003ac   0x0000014c   Code   RO         1460    i.DMA_DeInit        stm32f10x_dma.o
    0x080004f8   0x0000003c   Code   RO         1465    i.DMA_Init          stm32f10x_dma.o
    0x08000534   0x000000d4   Code   RO          801    i.DmaConfig         dma.o
    0x08000608   0x00000002   Code   RO          254    i.EXTI0_IRQHandler  stm32f10x_it.o
    0x0800060a   0x00000002   Code   RO          255    i.EXTI15_10_IRQHandler  stm32f10x_it.o
    0x0800060c   0x00000002   Code   RO          256    i.EXTI1_IRQHandler  stm32f10x_it.o
    0x0800060e   0x00000002   Code   RO          257    i.EXTI2_IRQHandler  stm32f10x_it.o
    0x08000610   0x00000002   Code   RO          258    i.EXTI3_IRQHandler  stm32f10x_it.o
    0x08000612   0x00000002   Code   RO          259    i.EXTI4_IRQHandler  stm32f10x_it.o
    0x08000614   0x00000002   Code   RO          260    i.EXTI9_5_IRQHandler  stm32f10x_it.o
    0x08000616   0x00000002   Code   RO          261    i.FLASH_IRQHandler  stm32f10x_it.o
    0x08000618   0x00000002   Code   RO          262    i.FSMC_IRQHandler   stm32f10x_it.o
    0x0800061a   0x00000116   Code   RO         1547    i.GPIO_Init         stm32f10x_gpio.o
    0x08000730   0x00000090   Code   RO         1549    i.GPIO_PinRemapConfig  stm32f10x_gpio.o
    0x080007c0   0x00000012   Code   RO         1553    i.GPIO_ReadOutputDataBit  stm32f10x_gpio.o
    0x080007d2   0x0000000a   Code   RO         1558    i.GPIO_WriteBit     stm32f10x_gpio.o
    0x080007dc   0x00000028   Code   RO          663    i.GpioConfig        gpio.o
    0x08000804   0x00000002   Code   RO          263    i.I2C1_ER_IRQHandler  stm32f10x_it.o
    0x08000806   0x00000002   Code   RO          264    i.I2C1_EV_IRQHandler  stm32f10x_it.o
    0x08000808   0x00000002   Code   RO          265    i.I2C2_ER_IRQHandler  stm32f10x_it.o
    0x0800080a   0x00000002   Code   RO          266    i.I2C2_EV_IRQHandler  stm32f10x_it.o
    0x0800080c   0x00000002   Code   RO          269    i.PVD_IRQHandler    stm32f10x_it.o
    0x0800080e   0x0000000c   Code   RO          178    i.ProgramSetup      bsp.o
    0x0800081a   0x00000002   PAD
    0x0800081c   0x00000020   Code   RO         1668    i.RCC_AHBPeriphClockCmd  stm32f10x_rcc.o
    0x0800083c   0x00000020   Code   RO         1669    i.RCC_APB1PeriphClockCmd  stm32f10x_rcc.o
    0x0800085c   0x00000020   Code   RO         1670    i.RCC_APB1PeriphResetCmd  stm32f10x_rcc.o
    0x0800087c   0x00000020   Code   RO         1671    i.RCC_APB2PeriphClockCmd  stm32f10x_rcc.o
    0x0800089c   0x00000020   Code   RO         1672    i.RCC_APB2PeriphResetCmd  stm32f10x_rcc.o
    0x080008bc   0x000000d4   Code   RO         1679    i.RCC_GetClocksFreq  stm32f10x_rcc.o
    0x08000990   0x00000002   Code   RO          271    i.RCC_IRQHandler    stm32f10x_it.o
    0x08000992   0x00000002   Code   RO          272    i.RTCAlarm_IRQHandler  stm32f10x_it.o
    0x08000994   0x00000002   Code   RO          273    i.RTC_IRQHandler    stm32f10x_it.o
    0x08000996   0x00000002   Code   RO          274    i.SDIO_IRQHandler   stm32f10x_it.o
    0x08000998   0x00000002   Code   RO          275    i.SPI1_IRQHandler   stm32f10x_it.o
    0x0800099a   0x00000002   Code   RO          276    i.SPI2_IRQHandler   stm32f10x_it.o
    0x0800099c   0x00000002   Code   RO          277    i.SPI3_IRQHandler   stm32f10x_it.o
    0x0800099e   0x00000008   Code   RO         2686    i.SetSysClock       system_stm32f10x.o
    0x080009a6   0x00000002   PAD
    0x080009a8   0x000000e0   Code   RO         2687    i.SetSysClockTo72   system_stm32f10x.o
    0x08000a88   0x00000060   Code   RO         2689    i.SystemInit        system_stm32f10x.o
    0x08000ae8   0x00000002   Code   RO          280    i.TAMPER_IRQHandler  stm32f10x_it.o
    0x08000aea   0x00000002   Code   RO          281    i.TIM1_BRK_IRQHandler  stm32f10x_it.o
    0x08000aec   0x00000002   Code   RO          282    i.TIM1_CC_IRQHandler  stm32f10x_it.o
    0x08000aee   0x00000002   Code   RO          283    i.TIM1_TRG_COM_IRQHandler  stm32f10x_it.o
    0x08000af0   0x0000001c   Code   RO          284    i.TIM1_UP_IRQHandler  stm32f10x_it.o
    0x08000b0c   0x0000000c   Code   RO          285    i.TIM2_IRQHandler   stm32f10x_it.o
    0x08000b18   0x00000002   Code   RO          286    i.TIM3_IRQHandler   stm32f10x_it.o
    0x08000b1a   0x00000002   PAD
    0x08000b1c   0x0000001c   Code   RO          287    i.TIM4_IRQHandler   stm32f10x_it.o
    0x08000b38   0x00000002   Code   RO          288    i.TIM5_IRQHandler   stm32f10x_it.o
    0x08000b3a   0x00000002   Code   RO          289    i.TIM6_IRQHandler   stm32f10x_it.o
    0x08000b3c   0x00000002   Code   RO          290    i.TIM7_IRQHandler   stm32f10x_it.o
    0x08000b3e   0x00000002   Code   RO          291    i.TIM8_BRK_IRQHandler  stm32f10x_it.o
    0x08000b40   0x00000002   Code   RO          292    i.TIM8_CC_IRQHandler  stm32f10x_it.o
    0x08000b42   0x00000002   Code   RO          293    i.TIM8_TRG_COM_IRQHandler  stm32f10x_it.o
    0x08000b44   0x0000001c   Code   RO          294    i.TIM8_UP_IRQHandler  stm32f10x_it.o
    0x08000b60   0x00000006   Code   RO         1890    i.TIM_ClearITPendingBit  stm32f10x_tim.o
    0x08000b66   0x00000022   Code   RO         1916    i.TIM_GetITStatus   stm32f10x_tim.o
    0x08000b88   0x00000002   Code   RO          295    i.UART4_IRQHandler  stm32f10x_it.o
    0x08000b8a   0x00000002   Code   RO          296    i.UART5_IRQHandler  stm32f10x_it.o
    0x08000b8c   0x00000002   Code   RO          297    i.USART1_IRQHandler  stm32f10x_it.o
    0x08000b8e   0x00000002   Code   RO          298    i.USART2_IRQHandler  stm32f10x_it.o
    0x08000b90   0x00000002   Code   RO          299    i.USART3_IRQHandler  stm32f10x_it.o
    0x08000b92   0x00000018   Code   RO         2443    i.USART_Cmd         stm32f10x_usart.o
    0x08000baa   0x00000012   Code   RO         2444    i.USART_DMACmd      stm32f10x_usart.o
    0x08000bbc   0x0000009c   Code   RO         2445    i.USART_DeInit      stm32f10x_usart.o
    0x08000c58   0x0000001a   Code   RO         2446    i.USART_GetFlagStatus  stm32f10x_usart.o
    0x08000c72   0x00000002   PAD
    0x08000c74   0x000000d8   Code   RO         2450    i.USART_Init        stm32f10x_usart.o
    0x08000d4c   0x00000008   Code   RO         2460    i.USART_SendData    stm32f10x_usart.o
    0x08000d54   0x00000002   Code   RO          300    i.USBWakeUp_IRQHandler  stm32f10x_it.o
    0x08000d56   0x00000002   Code   RO          301    i.USB_HP_CAN1_TX_IRQHandler  stm32f10x_it.o
    0x08000d58   0x00000002   Code   RO          302    i.USB_LP_CAN1_RX0_IRQHandler  stm32f10x_it.o
    0x08000d5a   0x00000002   PAD
    0x08000d5c   0x00000190   Code   RO          700    i.UartConfig        usart.o
    0x08000eec   0x00000002   Code   RO          304    i.WWDG_IRQHandler   stm32f10x_it.o
    0x08000eee   0x00000002   PAD
    0x08000ef0   0x00000020   Code   RO         2783    i.__0printf$1       mc_w.l(printf1.o)
    0x08000f10   0x0000000e   Code   RO         3073    i.__scatterload_copy  mc_w.l(handlers.o)
    0x08000f1e   0x00000002   Code   RO         3074    i.__scatterload_null  mc_w.l(handlers.o)
    0x08000f20   0x0000000e   Code   RO         3075    i.__scatterload_zeroinit  mc_w.l(handlers.o)
    0x08000f2e   0x00000002   PAD
    0x08000f30   0x00000154   Code   RO         2790    i._printf_core      mc_w.l(printf1.o)
    0x08001084   0x00000028   Code   RO          712    i.fputc             usart.o
    0x080010ac   0x00000050   Code   RO         2999    i.free              mc_w.l(malloc.o)
    0x080010fc   0x00000010   Code   RO          213    i.main              main.o
    0x0800110c   0x0000006c   Code   RO         3000    i.malloc            mc_w.l(malloc.o)
    0x08001178   0x00000054   Code   RO         1170    i.prvAddCurrentTaskToDelayedList  tasks.o
    0x080011cc   0x0000002e   Code   RO         1171    i.prvAllocateTCBAndStack  tasks.o
    0x080011fa   0x00000002   PAD
    0x080011fc   0x00000064   Code   RO         1172    i.prvCheckTasksWaitingTermination  tasks.o
    0x08001260   0x00000012   Code   RO         1173    i.prvDeleteTCB      tasks.o
    0x08001272   0x00000002   PAD
    0x08001274   0x00000038   Code   RO          913    i.prvHeapInit       heap_2.o
    0x080012ac   0x00000018   Code   RO         1174    i.prvIdleTask       tasks.o
    0x080012c4   0x00000054   Code   RO         1175    i.prvInitialiseTCBVariables  tasks.o
    0x08001318   0x00000068   Code   RO         1176    i.prvInitialiseTaskLists  tasks.o
    0x08001380   0x00000034   Code   RO         1177    i.prvResetNextTaskUnblockTime  tasks.o
    0x080013b4   0x00000008   Code   RO          994    i.prvTaskExitError  port.o
    0x080013bc   0x000000b8   Code   RO          914    i.pvPortMalloc      heap_2.o
    0x08001474   0x00000020   Code   RO          995    i.pxPortInitialiseStack  port.o
    0x08001494   0x00000028   Code   RO          957    i.uxListRemove      list.o
    0x080014bc   0x0000001a   Code   RO          958    i.vListInitialise   list.o
    0x080014d6   0x00000006   Code   RO          959    i.vListInitialiseItem  list.o
    0x080014dc   0x00000034   Code   RO          960    i.vListInsert       list.o
    0x08001510   0x00000018   Code   RO          961    i.vListInsertEnd    list.o
    0x08001528   0x00000020   Code   RO          997    i.vPortEnterCritical  port.o
    0x08001548   0x00000020   Code   RO          998    i.vPortExitCritical  port.o
    0x08001568   0x00000040   Code   RO          915    i.vPortFree         heap_2.o
    0x080015a8   0x00000014   Code   RO          999    i.vPortSetupTimerInterrupt  port.o
    0x080015bc   0x00000018   Code   RO         1000    i.vPortYield        port.o
    0x080015d4   0x00000070   Code   RO         1183    i.vTaskDelayUntil   tasks.o
    0x08001644   0x00000064   Code   RO            5    i.vTaskLed1         event.o
    0x080016a8   0x00000048   Code   RO         1192    i.vTaskStartScheduler  tasks.o
    0x080016f0   0x00000010   Code   RO         1194    i.vTaskSuspendAll   tasks.o
    0x08001700   0x00000080   Code   RO         1195    i.vTaskSwitchContext  tasks.o
    0x08001780   0x00000034   Code   RO         1001    i.xPortStartScheduler  port.o
    0x080017b4   0x00000020   Code   RO         1002    i.xPortSysTickHandler  port.o
    0x080017d4   0x000000f8   Code   RO         1197    i.xTaskGenericCreate  tasks.o
    0x080018cc   0x00000018   Code   RO         1198    i.xTaskGetTickCount  tasks.o
    0x080018e4   0x0000011c   Code   RO         1200    i.xTaskIncrementTick  tasks.o
    0x08001a00   0x000000d8   Code   RO         1203    i.xTaskResumeAll    tasks.o
    0x08001ad8   0x00000020   Data   RO         3071    Region$$Table       anon$$obj.o


    Execution Region RW_IRAM1 (Base: 0x20000000, Size: 0x00004e70, Max: 0x0000c000, ABSOLUTE, COMPRESSED[0x000000d4])

    Base Addr    Size         Type   Attr      Idx    E Section Name        Object

    0x20000000   0x00000008   Data   RW            6    .data               event.o
    0x20000008   0x000000c0   Data   RW          179    .data               bsp.o
    0x200000c8   0x000001c0   Data   RW          837    .data               mspstm32f103rct6.o
    0x20000288   0x00000018   Data   RW          919    .data               heap_2.o
    0x200002a0   0x00000004   Data   RW         1003    .data               port.o
    0x200002a4   0x00000038   Data   RW         1206    .data               tasks.o
    0x200002dc   0x00000008   Data   RW         1394    .data               cexpection.o
    0x200002e4   0x00000014   Data   RW         1699    .data               stm32f10x_rcc.o
    0x200002f8   0x00000004   Data   RW         3043    .data               mc_w.l(stdout.o)
    0x200002fc   0x00000004   Data   RW         3048    .data               mc_w.l(mvars.o)
    0x20000300   0x00000004   Data   RW         3049    .data               mc_w.l(mvars.o)
    0x20000304   0x00004400   Zero   RW          918    .bss                heap_2.o
    0x20004704   0x000000c8   Zero   RW         1205    .bss                tasks.o
    0x200047cc   0x00000004   PAD
    0x200047d0   0x000000a0   Zero   RW         1393    .bss                cexpection.o
    0x20004870   0x00000200   Zero   RW         2677    HEAP                startup_stm32f10x_hd.o
    0x20004a70   0x00000400   Zero   RW         2676    STACK               startup_stm32f10x_hd.o


==============================================================================

Image component sizes


      Code (inc. data)   RO Data    RW Data    ZI Data      Debug   Object Name

        92         16          0        192          0       1289   bsp.o
         0          0          0          8        160        324   cexpection.o
       212         10          0          0          0       1124   dma.o
       152         46          0          8          0     275643   event.o
        40          0          0          0          0        993   gpio.o
       304         40          0         24      17408       5079   heap_2.o
       148          0          0          0          0       3318   list.o
        16          0          0          0          0        463   main.o
         0          0          0        448          0        546   mspstm32f103rct6.o
       390         56          0          4          0       6749   port.o
        36          8        304          0       1536        812   startup_stm32f10x_hd.o
       416          8          0          0          0       3602   stm32f10x_dma.o
       450          6          0          0          0       4219   stm32f10x_gpio.o
       208         18          0          0          0      28194   stm32f10x_it.o
       372         50          0         20          0       6420   stm32f10x_rcc.o
        40          0          0          0          0       1902   stm32f10x_tim.o
       448         28          0          0          0       5506   stm32f10x_usart.o
       328         28          0          0          0       1973   system_stm32f10x.o
      1612        246          0         56        200      13729   tasks.o
       440         96          0          0          0       1973   usart.o

    ----------------------------------------------------------------------
      5726        656        336        760      19308     363858   Object Totals
         0          0         32          0          0          0   (incl. Generated)
        22          0          0          0          4          0   (incl. Padding)

    ----------------------------------------------------------------------

      Code (inc. data)   RO Data    RW Data    ZI Data      Debug   Library Member Name

        86          0          0          0          0          0   __dczerorl2.o
         0          0          0          0          0          0   entry.o
         0          0          0          0          0          0   entry10a.o
         0          0          0          0          0          0   entry11a.o
         8          4          0          0          0          0   entry2.o
         4          0          0          0          0          0   entry5.o
         0          0          0          0          0          0   entry7b.o
         0          0          0          0          0          0   entry8b.o
         8          4          0          0          0          0   entry9a.o
        30          0          0          0          0          0   handlers.o
        36          8          0          0          0         68   init.o
       188         20          0          0          0        160   malloc.o
         0          0          0          8          0          0   mvars.o
       372         14          0          0          0        184   printf1.o
         0          0          0          4          0          0   stdout.o
        44          0          0          0          0         80   uidiv.o
        62          0          0          0          0         96   setjmp.o

    ----------------------------------------------------------------------
       842         50          0         12          0        588   Library Totals
         4          0          0          0          0          0   (incl. Padding)

    ----------------------------------------------------------------------

      Code (inc. data)   RO Data    RW Data    ZI Data      Debug   Library Name

       776         50          0         12          0        492   mc_w.l
        62          0          0          0          0         96   mf_w.l

    ----------------------------------------------------------------------
       842         50          0         12          0        588   Library Totals

    ----------------------------------------------------------------------

==============================================================================


      Code (inc. data)   RO Data    RW Data    ZI Data      Debug   

      6568        706        336        772      19308     358074   Grand Totals
      6568        706        336        212      19308     358074   ELF Image Totals (compressed)
      6568        706        336        212          0          0   ROM Totals

==============================================================================

    Total RO  Size (Code + RO Data)                 6904 (   6.74kB)
    Total RW  Size (RW Data + ZI Data)             20080 (  19.61kB)
    Total ROM Size (Code + RO Data + RW Data)       7116 (   6.95kB)

==============================================================================

